Product: MDK-ARM Standard 5.10
Component: ARM Compiler 5.04 update 1 (build 49)
Tool: armlink [5040049]

==============================================================================

Section Cross References

    main.o(.text) refers to _printf_percent.o(.ARM.Collect$$_printf_percent$$00000000) for _printf_percent
    main.o(.text) refers to _printf_d.o(.ARM.Collect$$_printf_percent$$00000009) for _printf_d
    main.o(.text) refers to _printf_dec.o(.text) for _printf_int_dec
    main.o(.text) refers to os_time.o(.text) for OSTimeDlyHMSM
    main.o(.text) refers to cpu_a.o(.text) for CPU_SR_Save
    main.o(.text) refers to f2d.o(x$fpl$f2d) for __aeabi_f2d
    main.o(.text) refers to daddsub_clz.o(x$fpl$dadd) for __aeabi_dadd
    main.o(.text) refers to drleqf.o(x$fpl$drleqf) for __aeabi_cdrcmple
    main.o(.text) refers to noretval__2printf.o(.text) for __2printf
    main.o(.text) refers to os_core.o(.text) for OS_Sched0
    main.o(.text) refers to stm32f10x_gpio.o(.text) for GPIO_ReadInputDataBit
    main.o(.text) refers to delay.o(.text) for delay_ms
    main.o(.text) refers to cpu_core.o(.text) for CPU_Init
    main.o(.text) refers to os_stat.o(.text) for OSStatTaskCPUUsageInit
    main.o(.text) refers to os_task.o(.text) for OSTaskCreate
    main.o(.text) refers to misc.o(.text) for NVIC_PriorityGroupConfig
    main.o(.text) refers to usart.o(.text) for USART1_Init
    main.o(.text) refers to uart2.o(.text) for USART2_Init
    main.o(.text) refers to led.o(.text) for LED_Init
    main.o(.text) refers to key.o(.text) for KEY_Init
    main.o(.text) refers to gas.o(.text) for GAS_Init
    main.o(.text) refers to timer.o(.text) for TIM3_Int_Init
    main.o(.text) refers to beep.o(.text) for BEEP_Init
    main.o(.text) refers to uart2.o(.bss) for measure
    main.o(.text) refers to os_var.o(.data) for OSSchedLockNestingCtr
    main.o(.text) refers to os_var.o(.data) for OSIntQNbrEntries
    main.o(.text) refers to main.o(.bss) for .bss
    system_stm32f10x.o(.text) refers to system_stm32f10x.o(.data) for .data
    key.o(.text) refers to stm32f10x_rcc.o(.text) for RCC_APB2PeriphClockCmd
    key.o(.text) refers to stm32f10x_gpio.o(.text) for GPIO_Init
    key.o(.text) refers to delay.o(.text) for delay_ms
    key.o(.text) refers to key.o(.data) for .data
    led.o(.text) refers to stm32f10x_rcc.o(.text) for RCC_APB2PeriphClockCmd
    led.o(.text) refers to stm32f10x_gpio.o(.text) for GPIO_Init
    beep.o(.text) refers to stm32f10x_rcc.o(.text) for RCC_APB2PeriphClockCmd
    beep.o(.text) refers to stm32f10x_gpio.o(.text) for GPIO_Init
    uart2.o(.text) refers to stm32f10x_rcc.o(.text) for RCC_APB1PeriphClockCmd
    uart2.o(.text) refers to stm32f10x_gpio.o(.text) for GPIO_Init
    uart2.o(.text) refers to stm32f10x_usart.o(.text) for USART_Init
    uart2.o(.text) refers to misc.o(.text) for NVIC_Init
    uart2.o(.text) refers to fflt_clz.o(x$fpl$fflt) for __aeabi_i2f
    uart2.o(.text) refers to scalbnf.o(x$fpl$scalbnf) for __ARM_scalbnf
    uart2.o(.text) refers to fmul.o(x$fpl$fmul) for __aeabi_fmul
    uart2.o(.text) refers to uart2.o(.bss) for .bss
    uart2.o(.text) refers to uart2.o(.data) for .data
    wkup.o(.text) refers to stm32f10x_rcc.o(.text) for RCC_APB1PeriphClockCmd
    wkup.o(.text) refers to stm32f10x_pwr.o(.text) for PWR_WakeUpPinCmd
    timer.o(.text) refers to stm32f10x_rcc.o(.text) for RCC_APB1PeriphClockCmd
    timer.o(.text) refers to stm32f10x_tim.o(.text) for TIM_TimeBaseInit
    timer.o(.text) refers to misc.o(.text) for NVIC_Init
    timer.o(.text) refers to os_core.o(.text) for OSIntEnter
    timer.o(.text) refers to uart2.o(.text) for mpu6050_measure
    zigbee.o(.text) refers to _printf_percent.o(.ARM.Collect$$_printf_percent$$00000000) for _printf_percent
    zigbee.o(.text) refers to _printf_c.o(.ARM.Collect$$_printf_percent$$00000013) for _printf_c
    zigbee.o(.text) refers to _printf_s.o(.ARM.Collect$$_printf_percent$$00000014) for _printf_s
    zigbee.o(.text) refers to _printf_str.o(.text) for _printf_str
    zigbee.o(.text) refers to strstr.o(.text) for strstr
    zigbee.o(.text) refers to strlen.o(.text) for strlen
    zigbee.o(.text) refers to noretval__2sprintf.o(.text) for __2sprintf
    zigbee.o(.text) refers to usart.o(.text) for USART3_Send
    zigbee.o(.text) refers to zigbee.o(.data) for .data
    zigbee.o(.text) refers to zigbee.o(.bss) for .bss
    gas.o(.text) refers to stm32f10x_rcc.o(.text) for RCC_APB2PeriphClockCmd
    gas.o(.text) refers to stm32f10x_gpio.o(.text) for GPIO_Init
    delay.o(.text) refers to os_core.o(.text) for OSSchedLock
    delay.o(.text) refers to os_time.o(.text) for OSTimeDly
    delay.o(.text) refers to misc.o(.text) for SysTick_CLKSourceConfig
    delay.o(.text) refers to os_var.o(.data) for OSRunning
    delay.o(.text) refers to system_stm32f10x.o(.data) for SystemCoreClock
    delay.o(.text) refers to delay.o(.data) for .data
    delay.o(.text) refers to os_cfg_app.o(.constdata) for OSCfg_TickRate_Hz
[...]
    TIM1_UP_IRQHandler                       0x080011bf   Thumb Code     0  startup_stm32f10x_hd.o(.text)
    TIM2_IRQHandler                          0x080011bf   Thumb Code     0  startup_stm32f10x_hd.o(.text)
    TIM4_IRQHandler                          0x080011bf   Thumb Code     0  startup_stm32f10x_hd.o(.text)
    TIM5_IRQHandler                          0x080011bf   Thumb Code     0  startup_stm32f10x_hd.o(.text)
    TIM6_IRQHandler                          0x080011bf   Thumb Code     0  startup_stm32f10x_hd.o(.text)
    TIM7_IRQHandler                          0x080011bf   Thumb Code     0  startup_stm32f10x_hd.o(.text)
    TIM8_BRK_IRQHandler                      0x080011bf   Thumb Code     0  startup_stm32f10x_hd.o(.text)
    TIM8_CC_IRQHandler                       0x080011bf   Thumb Code     0  startup_stm32f10x_hd.o(.text)
    TIM8_TRG_COM_IRQHandler                  0x080011bf   Thumb Code     0  startup_stm32f10x_hd.o(.text)
    TIM8_UP_IRQHandler                       0x080011bf   Thumb Code     0  startup_stm32f10x_hd.o(.text)
    UART4_IRQHandler                         0x080011bf   Thumb Code     0  startup_stm32f10x_hd.o(.text)
    UART5_IRQHandler                         0x080011bf   Thumb Code     0  startup_stm32f10x_hd.o(.text)
    USBWakeUp_IRQHandler                     0x080011bf   Thumb Code     0  startup_stm32f10x_hd.o(.text)
    USB_HP_CAN1_TX_IRQHandler                0x080011bf   Thumb Code     0  startup_stm32f10x_hd.o(.text)
    USB_LP_CAN1_RX0_IRQHandler               0x080011bf   Thumb Code     0  startup_stm32f10x_hd.o(.text)
    WWDG_IRQHandler                          0x080011bf   Thumb Code     0  startup_stm32f10x_hd.o(.text)
    __user_initial_stackheap                 0x080011c1   Thumb Code     0  startup_stm32f10x_hd.o(.text)
    NVIC_PriorityGroupConfig                 0x080011e5   Thumb Code    10  misc.o(.text)
    NVIC_Init                                0x080011ef   Thumb Code    94  misc.o(.text)
    NVIC_SetVectorTable                      0x0800124d   Thumb Code    14  misc.o(.text)
    NVIC_SystemLPConfig                      0x0800125b   Thumb Code    20  misc.o(.text)
    SysTick_CLKSourceConfig                  0x0800126f   Thumb Code    24  misc.o(.text)
    GPIO_DeInit                              0x08001295   Thumb Code   152  stm32f10x_gpio.o(.text)
    GPIO_AFIODeInit                          0x0800132d   Thumb Code    22  stm32f10x_gpio.o(.text)
    GPIO_Init                                0x08001343   Thumb Code   156  stm32f10x_gpio.o(.text)
    GPIO_StructInit                          0x080013df   Thumb Code    16  stm32f10x_gpio.o(.text)
    GPIO_ReadInputDataBit                    0x080013ef   Thumb Code    14  stm32f10x_gpio.o(.text)
    GPIO_ReadInputData                       0x080013fd   Thumb Code     6  stm32f10x_gpio.o(.text)
    GPIO_ReadOutputDataBit                   0x08001403   Thumb Code    14  stm32f10x_gpio.o(.text)
    GPIO_ReadOutputData                      0x08001411   Thumb Code     6  stm32f10x_gpio.o(.text)
    GPIO_SetBits                             0x08001417   Thumb Code     4  stm32f10x_gpio.o(.text)
    GPIO_ResetBits                           0x0800141b   Thumb Code     4  stm32f10x_gpio.o(.text)
    GPIO_WriteBit                            0x0800141f   Thumb Code    10  stm32f10x_gpio.o(.text)
    GPIO_Write                               0x08001429   Thumb Code     4  stm32f10x_gpio.o(.text)
    GPIO_PinLockConfig                       0x0800142d   Thumb Code    16  stm32f10x_gpio.o(.text)
    GPIO_EventOutputConfig                   0x0800143d   Thumb Code    22  stm32f10x_gpio.o(.text)
    GPIO_EventOutputCmd                      0x08001453   Thumb Code     6  stm32f10x_gpio.o(.text)
    GPIO_PinRemapConfig                      0x08001459   Thumb Code    82  stm32f10x_gpio.o(.text)
    GPIO_EXTILineConfig                      0x080014ab   Thumb Code    34  stm32f10x_gpio.o(.text)
    GPIO_ETH_MediaInterfaceConfig            0x080014cd   Thumb Code     8  stm32f10x_gpio.o(.text)
    USART_DeInit                             0x080014f9   Thumb Code    96  stm32f10x_usart.o(.text)
    USART_Init                               0x08001559   Thumb Code   166  stm32f10x_usart.o(.text)
    USART_StructInit                         0x080015ff   Thumb Code    22  stm32f10x_usart.o(.text)
    USART_ClockInit                          0x08001615   Thumb Code    30  stm32f10x_usart.o(.text)
    USART_ClockStructInit                    0x08001633   Thumb Code    12  stm32f10x_usart.o(.text)
    USART_Cmd                                0x0800163f   Thumb Code    20  stm32f10x_usart.o(.text)
    USART_ITConfig                           0x08001653   Thumb Code    48  stm32f10x_usart.o(.text)
    USART_DMACmd                             0x08001683   Thumb Code    16  stm32f10x_usart.o(.text)
    USART_SetAddress                         0x08001693   Thumb Code    16  stm32f10x_usart.o(.text)
    USART_WakeUpConfig                       0x080016a3   Thumb Code    16  stm32f10x_usart.o(.text)
    USART_ReceiverWakeUpCmd                  0x080016b3   Thumb Code    20  stm32f10x_usart.o(.text)
    USART_LINBreakDetectLengthConfig         0x080016c7   Thumb Code    16  stm32f10x_usart.o(.text)
    USART_LINCmd                             0x080016d7   Thumb Code    20  stm32f10x_usart.o(.text)
    USART_SendData                           0x080016eb   Thumb Code     8  stm32f10x_usart.o(.text)
    USART_ReceiveData                        0x080016f3   Thumb Code     8  stm32f10x_usart.o(.text)
    USART_SendBreak                          0x080016fb   Thumb Code    10  stm32f10x_usart.o(.text)
    USART_SetGuardTime                       0x08001705   Thumb Code    16  stm32f10x_usart.o(.text)
    USART_SetPrescaler                       0x08001715   Thumb Code    16  stm32f10x_usart.o(.text)
    USART_SmartCardCmd                       0x08001725   Thumb Code    20  stm32f10x_usart.o(.text)
    USART_SmartCardNACKCmd                   0x08001739   Thumb Code    20  stm32f10x_usart.o(.text)
    USART_HalfDuplexCmd                      0x0800174d   Thumb Code    20  stm32f10x_usart.o(.text)
    USART_OverSampling8Cmd                   0x08001761   Thumb Code    20  stm32f10x_usart.o(.text)
    USART_OneBitMethodCmd                    0x08001775   Thumb Code    20  stm32f10x_usart.o(.text)
    USART_IrDAConfig                         0x08001789   Thumb Code    16  stm32f10x_usart.o(.text)
    USART_IrDACmd                            0x08001799   Thumb Code    20  stm32f10x_usart.o(.text)
    USART_GetFlagStatus                      0x080017ad   Thumb Code    14  stm32f10x_usart.o(.text)
    USART_ClearFlag                          0x080017bb   Thumb Code     6  stm32f10x_usart.o(.text)
    USART_GetITStatus                        0x080017c1   Thumb Code    62  stm32f10x_usart.o(.text)
    USART_ClearITPendingBit                  0x080017ff   Thumb Code    12  stm32f10x_usart.o(.text)
    RCC_DeInit                               0x08001821   Thumb Code    50  stm32f10x_rcc.o(.text)
    RCC_HSEConfig                            0x08001853   Thumb Code    48  stm32f10x_rcc.o(.text)
    RCC_GetFlagStatus                        0x08001883   Thumb Code    42  stm32f10x_rcc.o(.text)
    RCC_WaitForHSEStartUp                    0x080018ad   Thumb Code    44  stm32f10x_rcc.o(.text)
    RCC_AdjustHSICalibrationValue            0x080018d9   Thumb Code    16  stm32f10x_rcc.o(.text)
    RCC_HSICmd                               0x080018e9   Thumb Code     6  stm32f10x_rcc.o(.text)
    RCC_PLLConfig                            0x080018ef   Thumb Code    16  stm32f10x_rcc.o(.text)
    RCC_PLLCmd                               0x080018ff   Thumb Code     6  stm32f10x_rcc.o(.text)
    RCC_SYSCLKConfig                         0x08001905   Thumb Code    14  stm32f10x_rcc.o(.text)
    RCC_GetSYSCLKSource                      0x08001913   Thumb Code    10  stm32f10x_rcc.o(.text)
    RCC_HCLKConfig                           0x0800191d   Thumb Code    14  stm32f10x_rcc.o(.text)
    RCC_PCLK1Config                          0x0800192b   Thumb Code    14  stm32f10x_rcc.o(.text)
    RCC_PCLK2Config                          0x08001939   Thumb Code    16  stm32f10x_rcc.o(.text)
    RCC_ITConfig                             0x08001949   Thumb Code    18  stm32f10x_rcc.o(.text)
    RCC_USBCLKConfig                         0x0800195b   Thumb Code     8  stm32f10x_rcc.o(.text)
    RCC_ADCCLKConfig                         0x08001963   Thumb Code    14  stm32f10x_rcc.o(.text)
    RCC_LSEConfig                            0x08001971   Thumb Code    28  stm32f10x_rcc.o(.text)
    RCC_LSICmd                               0x0800198d   Thumb Code     6  stm32f10x_rcc.o(.text)
    RCC_RTCCLKConfig                         0x08001993   Thumb Code    10  stm32f10x_rcc.o(.text)
    RCC_RTCCLKCmd                            0x0800199d   Thumb Code     8  stm32f10x_rcc.o(.text)
    RCC_GetClocksFreq                        0x080019a5   Thumb Code   132  stm32f10x_rcc.o(.text)
    RCC_AHBPeriphClockCmd                    0x08001a29   Thumb Code    18  stm32f10x_rcc.o(.text)
    RCC_APB2PeriphClockCmd                   0x08001a3b   Thumb Code    18  stm32f10x_rcc.o(.text)
    RCC_APB1PeriphClockCmd                   0x08001a4d   Thumb Code    18  stm32f10x_rcc.o(.text)
    RCC_APB2PeriphResetCmd                   0x08001a5f   Thumb Code    18  stm32f10x_rcc.o(.text)
    RCC_APB1PeriphResetCmd                   0x08001a71   Thumb Code    18  stm32f10x_rcc.o(.text)
    RCC_BackupResetCmd                       0x08001a83   Thumb Code     8  stm32f10x_rcc.o(.text)
    RCC_ClockSecuritySystemCmd               0x08001a8b   Thumb Code     6  stm32f10x_rcc.o(.text)
    RCC_MCOConfig                            0x08001a91   Thumb Code     6  stm32f10x_rcc.o(.text)
    RCC_ClearFlag                            0x08001a97   Thumb Code    12  stm32f10x_rcc.o(.text)
    RCC_GetITStatus                          0x08001aa3   Thumb Code    16  stm32f10x_rcc.o(.text)
    RCC_ClearITPendingBit                    0x08001ab3   Thumb Code     6  stm32f10x_rcc.o(.text)
    TIM_DeInit                               0x08001ad9   Thumb Code   304  stm32f10x_tim.o(.text)
    TIM_TimeBaseInit                         0x08001c09   Thumb Code   114  stm32f10x_tim.o(.text)
    TIM_OC1Init                              0x08001c7b   Thumb Code   106  stm32f10x_tim.o(.text)
    TIM_OC2Init                              0x08001ce5   Thumb Code   120  stm32f10x_tim.o(.text)
    TIM_OC3Init                              0x08001d5d   Thumb Code   116  stm32f10x_tim.o(.text)
    TIM_OC4Init                              0x08001dd1   Thumb Code    90  stm32f10x_tim.o(.text)
    TIM_SetIC4Prescaler                      0x08001e2b   Thumb Code    24  stm32f10x_tim.o(.text)
    TIM_SetIC3Prescaler                      0x08001e43   Thumb Code    16  stm32f10x_tim.o(.text)
    TIM_SetIC2Prescaler                      0x08001e53   Thumb Code    24  stm32f10x_tim.o(.text)
    TIM_SetIC1Prescaler                      0x08001f11   Thumb Code    16  stm32f10x_tim.o(.text)
    TIM_ICInit                               0x08001f79   Thumb Code   270  stm32f10x_tim.o(.text)
    TIM_PWMIConfig                           0x08002087   Thumb Code   104  stm32f10x_tim.o(.text)
    TIM_BDTRConfig                           0x080020ef   Thumb Code    34  stm32f10x_tim.o(.text)
    TIM_TimeBaseStructInit                   0x08002111   Thumb Code    18  stm32f10x_tim.o(.text)
    TIM_OCStructInit                         0x08002123   Thumb Code    20  stm32f10x_tim.o(.text)
    TIM_ICStructInit                         0x08002137   Thumb Code    16  stm32f10x_tim.o(.text)
    TIM_BDTRStructInit                       0x08002147   Thumb Code    18  stm32f10x_tim.o(.text)
    TIM_Cmd                                  0x08002159   Thumb Code    20  stm32f10x_tim.o(.text)
    TIM_CtrlPWMOutputs                       0x0800216d   Thumb Code    22  stm32f10x_tim.o(.text)
    TIM_ITConfig                             0x08002183   Thumb Code    16  stm32f10x_tim.o(.text)
    TIM_GenerateEvent                        0x08002193   Thumb Code     4  stm32f10x_tim.o(.text)
    TIM_DMAConfig                            0x08002197   Thumb Code     8  stm32f10x_tim.o(.text)
    TIM_DMACmd                               0x0800219f   Thumb Code    16  stm32f10x_tim.o(.text)
    TIM_InternalClockConfig                  0x080021af   Thumb Code    10  stm32f10x_tim.o(.text)
    TIM_SelectInputTrigger                   0x080021b9   Thumb Code    12  stm32f10x_tim.o(.text)
    TIM_ITRxExternalClockConfig              0x080021c5   Thumb Code    18  stm32f10x_tim.o(.text)
    TIM_TIxExternalClockConfig               0x080021d7   Thumb Code    46  stm32f10x_tim.o(.text)
    TIM_ETRConfig                            0x08002205   Thumb Code    24  stm32f10x_tim.o(.text)
    TIM_ETRClockMode1Config                  0x0800221d   Thumb Code    18  stm32f10x_tim.o(.text)
    TIM_ETRClockMode2Config                  0x0800222f   Thumb Code    18  stm32f10x_tim.o(.text)
    TIM_PrescalerConfig                      0x08002241   Thumb Code     6  stm32f10x_tim.o(.text)
    TIM_CounterModeConfig                    0x08002247   Thumb Code    12  stm32f10x_tim.o(.text)
    TIM_EncoderInterfaceConfig               0x08002253   Thumb Code    50  stm32f10x_tim.o(.text)
    TIM_ForcedOC1Config                      0x08002285   Thumb Code    12  stm32f10x_tim.o(.text)
    TIM_ForcedOC2Config                      0x08002291   Thumb Code    20  stm32f10x_tim.o(.text)
    TIM_ForcedOC3Config                      0x080022a5   Thumb Code    12  stm32f10x_tim.o(.text)
    TIM_ForcedOC4Config                      0x080022b1   Thumb Code    20  stm32f10x_tim.o(.text)
    TIM_ARRPreloadConfig                     0x080022c5   Thumb Code    20  stm32f10x_tim.o(.text)
    TIM_SelectCOM                            0x080022d9   Thumb Code    20  stm32f10x_tim.o(.text)
    TIM_SelectCCDMA                          0x080022ed   Thumb Code    20  stm32f10x_tim.o(.text)
    TIM_CCPreloadControl                     0x08002301   Thumb Code    20  stm32f10x_tim.o(.text)
    TIM_OC1PreloadConfig                     0x08002315   Thumb Code    32  stm32f10x_tim.o(.text)
    TIM_OC2PreloadConfig                     0x08002335   Thumb Code    20  stm32f10x_tim.o(.text)
    TIM_OC3PreloadConfig                     0x08002349   Thumb Code    12  stm32f10x_tim.o(.text)
    TIM_OC4PreloadConfig                     0x08002355   Thumb Code    20  stm32f10x_tim.o(.text)
    TIM_OC1FastConfig                        0x08002369   Thumb Code    12  stm32f10x_tim.o(.text)
    TIM_OC2FastConfig                        0x08002375   Thumb Code    20  stm32f10x_tim.o(.text)
    TIM_OC3FastConfig                        0x08002389   Thumb Code    12  stm32f10x_tim.o(.text)
    TIM_OC4FastConfig                        0x08002395   Thumb Code    20  stm32f10x_tim.o(.text)
    TIM_ClearOC1Ref                          0x080023a9   Thumb Code    12  stm32f10x_tim.o(.text)
    TIM_ClearOC2Ref                          0x080023b5   Thumb Code    20  stm32f10x_tim.o(.text)
    TIM_ClearOC3Ref                          0x080023c9   Thumb Code    12  stm32f10x_tim.o(.text)
    TIM_ClearOC4Ref                          0x080023d5   Thumb Code    20  stm32f10x_tim.o(.text)
    TIM_OC1PolarityConfig                    0x080023e9   Thumb Code    12  stm32f10x_tim.o(.text)
    TIM_OC1NPolarityConfig                   0x080023f5   Thumb Code    12  stm32f10x_tim.o(.text)
    TIM_OC2PolarityConfig                    0x08002401   Thumb Code    20  stm32f10x_tim.o(.text)
    TIM_OC2NPolarityConfig                   0x08002415   Thumb Code    20  stm32f10x_tim.o(.text)
    TIM_OC3PolarityConfig                    0x08002429   Thumb Code    20  stm32f10x_tim.o(.text)
    TIM_OC3NPolarityConfig                   0x0800243d   Thumb Code    20  stm32f10x_tim.o(.text)
    TIM_OC4PolarityConfig                    0x08002451   Thumb Code    20  stm32f10x_tim.o(.text)
    TIM_CCxCmd                               0x08002465   Thumb Code    22  stm32f10x_tim.o(.text)
    TIM_CCxNCmd                              0x0800247b   Thumb Code    22  stm32f10x_tim.o(.text)
    TIM_SelectOCxM                           0x08002491   Thumb Code    70  stm32f10x_tim.o(.text)
    TIM_UpdateDisableConfig                  0x080024d7   Thumb Code    20  stm32f10x_tim.o(.text)
    TIM_UpdateRequestConfig                  0x080024eb   Thumb Code    20  stm32f10x_tim.o(.text)
    TIM_SelectHallSensor                     0x080024ff   Thumb Code    20  stm32f10x_tim.o(.text)
    TIM_SelectOnePulseMode                   0x08002513   Thumb Code    16  stm32f10x_tim.o(.text)
    TIM_SelectOutputTrigger                  0x08002523   Thumb Code    16  stm32f10x_tim.o(.text)
    TIM_SelectSlaveMode                      0x08002533   Thumb Code    16  stm32f10x_tim.o(.text)
    TIM_SelectMasterSlaveMode                0x08002543   Thumb Code    16  stm32f10x_tim.o(.text)
    TIM_SetCounter                           0x08002553   Thumb Code     4  stm32f10x_tim.o(.text)
    TIM_SetAutoreload                        0x08002557   Thumb Code     4  stm32f10x_tim.o(.text)
    TIM_SetCompare1                          0x0800255b   Thumb Code     4  stm32f10x_tim.o(.text)
    TIM_SetCompare2                          0x0800255f   Thumb Code     4  stm32f10x_tim.o(.text)
    TIM_SetCompare3                          0x08002563   Thumb Code     4  stm32f10x_tim.o(.text)
    TIM_SetCompare4                          0x08002567   Thumb Code     6  stm32f10x_tim.o(.text)
    TIM_SetClockDivision                     0x0800256d   Thumb Code    16  stm32f10x_tim.o(.text)
    TIM_GetCapture1                          0x0800257d   Thumb Code     4  stm32f10x_tim.o(.text)
    TIM_GetCapture2                          0x08002581   Thumb Code     4  stm32f10x_tim.o(.text)
    TIM_GetCapture3                          0x08002585   Thumb Code     4  stm32f10x_tim.o(.text)
    TIM_GetCapture4                          0x08002589   Thumb Code     6  stm32f10x_tim.o(.text)
    TIM_GetCounter                           0x0800258f   Thumb Code     4  stm32f10x_tim.o(.text)
    TIM_GetPrescaler                         0x08002593   Thumb Code     4  stm32f10x_tim.o(.text)
    TIM_GetFlagStatus                        0x08002597   Thumb Code    14  stm32f10x_tim.o(.text)
    TIM_ClearFlag                            0x080025a5   Thumb Code     6  stm32f10x_tim.o(.text)
    TIM_GetITStatus                          0x080025ab   Thumb Code    24  stm32f10x_tim.o(.text)
    TIM_ClearITPendingBit                    0x080025c3   Thumb Code     6  stm32f10x_tim.o(.text)
    BSP_CPU_ClkFreq                          0x080025c9   Thumb Code    16  bsp.o(.text)
    CPU_TS_TmrInit                           0x080025d9   Thumb Code    38  bsp.o(.text)
    CPU_TS_TmrRd                             0x080025ff   Thumb Code     6  bsp.o(.text)
    CPU_TS32_to_uSec                         0x08002605   Thumb Code    32  bsp.o(.text)
    CPU_NameClr                              0x08002631   Thumb Code    26  cpu_core.o(.text)
    CPU_Init                                 0x0800264b   Thumb Code    18  cpu_core.o(.text)
    CPU_SW_Exception                         0x0800265d   Thumb Code     2  cpu_core.o(.text)
    CPU_NameGet                              0x0800265f   Thumb Code    46  cpu_core.o(.text)
    CPU_NameSet                              0x0800268d   Thumb Code    62  cpu_core.o(.text)
    CPU_TS_Get32                             0x080026cb   Thumb Code     4  cpu_core.o(.text)
    CPU_TS_Update                            0x080026cf   Thumb Code     2  cpu_core.o(.text)
    CPU_TS_TmrFreqGet                        0x080026d1   Thumb Code    24  cpu_core.o(.text)
    CPU_TS_TmrFreqSet                        0x080026e9   Thumb Code     6  cpu_core.o(.text)
    CPU_CntLeadZeros08                       0x080026ef   Thumb Code    10  cpu_core.o(.text)
    CPU_CntLeadZeros16                       0x080026f9   Thumb Code    10  cpu_core.o(.text)
    CPU_CntLeadZeros32                       0x08002703   Thumb Code     4  cpu_core.o(.text)
    CPU_CntLeadZeros64                       0x08002707   Thumb Code   156  cpu_core.o(.text)
    CPU_CntTrailZeros08                      0x080027a3   Thumb Code    10  cpu_core.o(.text)
    CPU_CntTrailZeros16                      0x080027ad   Thumb Code    10  cpu_core.o(.text)
    CPU_CntTrailZeros32                      0x080027b7   Thumb Code    10  cpu_core.o(.text)
    CPU_CntTrailZeros64                      0x080027c1   Thumb Code    36  cpu_core.o(.text)
    CPU_IntDis                               0x080027f1   Thumb Code     0  cpu_a.o(.text)
    CPU_IntEn                                0x080027f5   Thumb Code     0  cpu_a.o(.text)
    CPU_SR_Save                              0x080027f9   Thumb Code     0  cpu_a.o(.text)
    CPU_SR_Restore                           0x08002801   Thumb Code     0  cpu_a.o(.text)
    CPU_WaitForInt                           0x08002807   Thumb Code     0  cpu_a.o(.text)
    CPU_WaitForExcept                        0x0800280b   Thumb Code     0  cpu_a.o(.text)
    CPU_CntLeadZeros                         0x0800280f   Thumb Code     0  cpu_a.o(.text)
    CPU_CntTrailZeros                        0x08002815   Thumb Code     0  cpu_a.o(.text)
    CPU_RevBits                              0x0800281f   Thumb Code     0  cpu_a.o(.text)
    ASCII_IsAlpha                            0x08002825   Thumb Code    22  lib_ascii.o(.text)
    ASCII_IsAlphaNum                         0x0800283b   Thumb Code    28  lib_ascii.o(.text)
    ASCII_IsLower                            0x08002857   Thumb Code    14  lib_ascii.o(.text)
    ASCII_IsUpper                            0x08002865   Thumb Code    14  lib_ascii.o(.text)
    ASCII_IsDig                              0x08002873   Thumb Code    14  lib_ascii.o(.text)
    ASCII_IsDigOct                           0x08002881   Thumb Code    14  lib_ascii.o(.text)
    ASCII_IsDigHex                           0x0800288f   Thumb Code    28  lib_ascii.o(.text)
    ASCII_IsBlank                            0x080028ab   Thumb Code    16  lib_ascii.o(.text)
    ASCII_IsSpace                            0x080028bb   Thumb Code    32  lib_ascii.o(.text)
    ASCII_IsPrint                            0x080028db   Thumb Code    14  lib_ascii.o(.text)
    ASCII_IsGraph                            0x080028e9   Thumb Code    14  lib_ascii.o(.text)
    ASCII_IsPunct                            0x080028f7   Thumb Code    58  lib_ascii.o(.text)
    ASCII_IsCtrl                             0x08002931   Thumb Code    22  lib_ascii.o(.text)
    ASCII_ToLower                            0x08002947   Thumb Code    14  lib_ascii.o(.text)
    ASCII_ToUpper                            0x08002955   Thumb Code    14  lib_ascii.o(.text)
    ASCII_Cmp                                0x08002963   Thumb Code    28  lib_ascii.o(.text)
    Mem_Init                                 0x08002981   Thumb Code    54  lib_mem.o(.text)
    Mem_Set                                  0x080029b7   Thumb Code    62  lib_mem.o(.text)
    Mem_Clr                                  0x080029f5   Thumb Code     6  lib_mem.o(.text)
    Mem_Move                                 0x080029fb   Thumb Code   116  lib_mem.o(.text)
    Mem_Cmp                                  0x08002a6f   Thumb Code   126  lib_mem.o(.text)
    Mem_HeapAlloc                            0x08002b45   Thumb Code   114  lib_mem.o(.text)
    Mem_SegGetSizeRem                        0x08002bb7   Thumb Code    60  lib_mem.o(.text)
    Mem_HeapGetSizeRem                       0x08002bf3   Thumb Code     8  lib_mem.o(.text)
    Mem_PoolClr                              0x08002bfb   Thumb Code    56  lib_mem.o(.text)
    Mem_PoolCreate                           0x08002c33   Thumb Code   582  lib_mem.o(.text)
    Mem_PoolBlkGetNbrAvail                   0x08002e79   Thumb Code    26  lib_mem.o(.text)
    Mem_PoolBlkGet                           0x08002e93   Thumb Code    68  lib_mem.o(.text)
    Mem_PoolBlkGetUsedAtIx                   0x08002ed7   Thumb Code    62  lib_mem.o(.text)
    Mem_PoolBlkFree                          0x08002f15   Thumb Code   100  lib_mem.o(.text)
    Mem_PoolBlkIxGet                         0x08002f79   Thumb Code   104  lib_mem.o(.text)
    Str_Len_N                                0x08002fe9   Thumb Code    22  lib_str.o(.text)
    Str_Len                                  0x08002fff   Thumb Code     6  lib_str.o(.text)
    Str_Copy_N                               0x08003005   Thumb Code    48  lib_str.o(.text)
    Str_Copy                                 0x08003035   Thumb Code     6  lib_str.o(.text)
    Str_Cat_N                                0x0800303b   Thumb Code    58  lib_str.o(.text)
    Str_Cat                                  0x08003075   Thumb Code     6  lib_str.o(.text)
    Str_Cmp_N                                0x0800307b   Thumb Code    86  lib_str.o(.text)
    Str_Cmp                                  0x080030d1   Thumb Code     6  lib_str.o(.text)
    Str_CmpIgnoreCase_N                      0x080030d7   Thumb Code   146  lib_str.o(.text)
    Str_CmpIgnoreCase                        0x08003169   Thumb Code     6  lib_str.o(.text)
    Str_Char_N                               0x0800316f   Thumb Code    46  lib_str.o(.text)
    Str_Char                                 0x0800319d   Thumb Code     8  lib_str.o(.text)
    Str_Char_Last_N                          0x080031a5   Thumb Code    44  lib_str.o(.text)
    Str_Char_Last                            0x080031d1   Thumb Code     8  lib_str.o(.text)
    Str_Char_Replace_N                       0x080031d9   Thumb Code    40  lib_str.o(.text)
    Str_Char_Replace                         0x08003201   Thumb Code     6  lib_str.o(.text)
    Str_Str_N                                0x08003207   Thumb Code   120  lib_str.o(.text)
    Str_Str                                  0x0800327f   Thumb Code     6  lib_str.o(.text)
    Str_FmtNbr_Int32U                        0x080033d5   Thumb Code    24  lib_str.o(.text)
    Str_FmtNbr_Int32S                        0x080033ed   Thumb Code    40  lib_str.o(.text)
    Str_ParseNbr_Int32U                      0x0800354f   Thumb Code    12  lib_str.o(.text)
    Str_ParseNbr_Int32S                      0x0800355b   Thumb Code    42  lib_str.o(.text)
    Mem_Copy                                 0x08003589   Thumb Code     0  lib_mem_a.o(.text)
    OSCfg_Init                               0x080037a9   Thumb Code     2  os_cfg_app.o(.text)
    OS_IdleTask                              0x080037ad   Thumb Code    30  os_core.o(.text)
    OS_IdleTaskInit                          0x080037cb   Thumb Code    62  os_core.o(.text)
    OS_RdyListInit                           0x08003809   Thumb Code    30  os_core.o(.text)
    OSInit                                   0x08003827   Thumb Code   290  os_core.o(.text)
    OSIntEnter                               0x08003949   Thumb Code    22  os_core.o(.text)
    OSIntExit                                0x0800395f   Thumb Code   100  os_core.o(.text)
    OSSched                                  0x080039c3   Thumb Code    86  os_core.o(.text)
    OS_SchedLockTimeMeasStart                0x08003a19   Thumb Code    20  os_core.o(.text)
    OSSchedLock                              0x08003a2d   Thumb Code    72  os_core.o(.text)
    OS_SchedLockTimeMeasStop                 0x08003a75   Thumb Code    42  os_core.o(.text)
    OSSchedUnlock                            0x08003a9f   Thumb Code    92  os_core.o(.text)
    OSSchedRoundRobinCfg                     0x08003afb   Thumb Code    60  os_core.o(.text)
    OS_RdyListMoveHeadToTail                 0x08003b37   Thumb Code    52  os_core.o(.text)
    OSSchedRoundRobinYield                   0x08003b6b   Thumb Code   264  os_core.o(.text)
    OSStart                                  0x08003c73   Thumb Code    62  os_core.o(.text)
    OSVersion                                0x08003cb1   Thumb Code    10  os_core.o(.text)
    OS_PendDbgNameAdd                        0x08003cbb   Thumb Code    46  os_core.o(.text)
    OS_PendListInsertPrio                    0x08003ce9   Thumb Code    90  os_core.o(.text)
    OS_PendDataInit                          0x08003d43   Thumb Code    48  os_core.o(.text)
    OS_RdyListRemove                         0x08003d73   Thumb Code    78  os_core.o(.text)
    OS_TaskBlock                             0x08003dc1   Thumb Code    42  os_core.o(.text)
    OS_Pend                                  0x08003deb   Thumb Code    72  os_core.o(.text)
    OS_PendListRemove1                       0x08003e33   Thumb Code    54  os_core.o(.text)
    OS_PendListRemove                        0x08003e69   Thumb Code    38  os_core.o(.text)
    OS_PendAbort1                            0x08003e8f   Thumb Code    32  os_core.o(.text)
    OS_RdyListInsertHead                     0x08003eaf   Thumb Code    52  os_core.o(.text)
    OS_RdyListInsertTail                     0x08003ee3   Thumb Code    48  os_core.o(.text)
    OS_RdyListInsert                         0x08003f13   Thumb Code    38  os_core.o(.text)
    OS_TaskRdy                               0x08003f39   Thumb Code    26  os_core.o(.text)
    OS_PendAbort                             0x08003f53   Thumb Code   134  os_core.o(.text)
    OS_PendDbgNameRemove                     0x08003fd9   Thumb Code    22  os_core.o(.text)
    OS_PendListChangePrio                    0x08003fef   Thumb Code   112  os_core.o(.text)
    OS_PendListInit                          0x0800405f   Thumb Code    10  os_core.o(.text)
    OS_PendListInsertHead                    0x08004069   Thumb Code    32  os_core.o(.text)
    OS_PendObjDel1                           0x08004089   Thumb Code    32  os_core.o(.text)
    OS_PendObjDel                            0x080040a9   Thumb Code   126  os_core.o(.text)
    OS_Post1                                 0x08004127   Thumb Code    38  os_core.o(.text)
    OS_Post                                  0x0800414d   Thumb Code   152  os_core.o(.text)
    OS_Sched0                                0x080041e5   Thumb Code    50  os_core.o(.text)
    OS_SchedRoundRobin                       0x08004217   Thumb Code    80  os_core.o(.text)
    OS_Dbg_Init                              0x08004289   Thumb Code     2  os_dbg.o(.text)
    OS_FlagDbgListAdd                        0x0800428d   Thumb Code    26  os_flag.o(.text)
    OSFlagCreate                             0x080042a7   Thumb Code   104  os_flag.o(.text)
    OS_FlagClr                               0x0800430f   Thumb Code    16  os_flag.o(.text)
    OS_FlagDbgListRemove                     0x0800431f   Thumb Code    36  os_flag.o(.text)
    OSFlagDel                                0x08004343   Thumb Code   344  os_flag.o(.text)
    OS_FlagBlock                             0x0800449b   Thumb Code    28  os_flag.o(.text)
    OSFlagPend                               0x080044b7   Thumb Code   584  os_flag.o(.text)
    OSFlagPendAbort                          0x080046ff   Thumb Code   196  os_flag.o(.text)
    OSFlagPendGetFlagsRdy                    0x080047c3   Thumb Code    44  os_flag.o(.text)
    OS_FlagTaskRdy                           0x080047ef   Thumb Code    68  os_flag.o(.text)
    OS_FlagPost                              0x08004833   Thumb Code   294  os_flag.o(.text)
    OSFlagPost                               0x08004959   Thumb Code   114  os_flag.o(.text)
    OS_FlagInit                              0x080049cb   Thumb Code    14  os_flag.o(.text)
    OS_IntQPost                              0x080049f5   Thumb Code   138  os_int.o(.text)
    OS_IntQRePost                            0x08004a7f   Thumb Code   224  os_int.o(.text)
    OS_IntQTask                              0x08004b5f   Thumb Code   106  os_int.o(.text)
    OS_IntQTaskInit                          0x08004bc9   Thumb Code   194  os_int.o(.text)
    OS_MemDbgListAdd                         0x08004d1d   Thumb Code    22  os_mem.o(.text)
    OSMemCreate                              0x08004d33   Thumb Code   186  os_mem.o(.text)
    OSMemGet                                 0x08004ded   Thumb Code    60  os_mem.o(.text)
    OSMemPut                                 0x08004e29   Thumb Code    70  os_mem.o(.text)
    OS_MemInit                               0x08004e6f   Thumb Code    14  os_mem.o(.text)
    OS_MsgPoolCreate                         0x08004e91   Thumb Code    48  os_msg.o(.text)
    OS_MsgPoolInit                           0x08004ec1   Thumb Code    58  os_msg.o(.text)
    OS_MsgQFreeAll                           0x08004efb   Thumb Code    48  os_msg.o(.text)
    OS_MsgQInit                              0x08004f2b   Thumb Code    14  os_msg.o(.text)
    OS_MsgQGet                               0x08004f39   Thumb Code    82  os_msg.o(.text)
    OS_MsgQPut                               0x08004f8b   Thumb Code   128  os_msg.o(.text)
    OS_MutexDbgListAdd                       0x08005019   Thumb Code    26  os_mutex.o(.text)
    OSMutexCreate                            0x08005033   Thumb Code   112  os_mutex.o(.text)
    OS_MutexClr                              0x080050a3   Thumb Code    24  os_mutex.o(.text)
    OS_MutexDbgListRemove                    0x080050bb   Thumb Code    36  os_mutex.o(.text)
    OSMutexDel                               0x080050df   Thumb Code   470  os_mutex.o(.text)
    OSMutexPend                              0x080052b5   Thumb Code   490  os_mutex.o(.text)
    OSMutexPendAbort                         0x0800549f   Thumb Code   196  os_mutex.o(.text)
    OSMutexPost                              0x08005563   Thumb Code   364  os_mutex.o(.text)
    OS_MutexInit                             0x080056cf   Thumb Code    14  os_mutex.o(.text)
    OS_PrioInit                              0x080056fd   Thumb Code    18  os_prio.o(.text)
    OS_PrioGetHighest                        0x0800570f   Thumb Code    32  os_prio.o(.text)
    OS_PrioInsert                            0x0800572f   Thumb Code    28  os_prio.o(.text)
    OS_PrioRemove                            0x0800574b   Thumb Code    28  os_prio.o(.text)
    OS_QDbgListAdd                           0x0800576d   Thumb Code    26  os_q.o(.text)
    OSQCreate                                0x08005787   Thumb Code   118  os_q.o(.text)
    OS_QClr                                  0x080057fd   Thumb Code    40  os_q.o(.text)
    OS_QDbgListRemove                        0x08005825   Thumb Code    36  os_q.o(.text)
    OSQDel                                   0x08005849   Thumb Code   256  os_q.o(.text)
    OSQFlush                                 0x08005949   Thumb Code   116  os_q.o(.text)
    OSQPend                                  0x080059bd   Thumb Code   344  os_q.o(.text)
    OSQPendAbort                             0x08005b15   Thumb Code   236  os_q.o(.text)
    OS_QPost                                 0x08005c01   Thumb Code   194  os_q.o(.text)
    OSQPost                                  0x08005cc3   Thumb Code   146  os_q.o(.text)
    OS_QInit                                 0x08005d55   Thumb Code    14  os_q.o(.text)
    OS_SemDbgListAdd                         0x08005d7d   Thumb Code    26  os_sem.o(.text)
    OSSemCreate                              0x08005d97   Thumb Code   104  os_sem.o(.text)
    OS_SemClr                                0x08005dff   Thumb Code    22  os_sem.o(.text)
    OS_SemDbgListRemove                      0x08005e15   Thumb Code    36  os_sem.o(.text)
    OSSemDel                                 0x08005e39   Thumb Code   256  os_sem.o(.text)
    OSSemPend                                0x08005f39   Thumb Code   298  os_sem.o(.text)
    OSSemPendAbort                           0x08006063   Thumb Code   196  os_sem.o(.text)
    OS_SemPost                               0x08006127   Thumb Code   202  os_sem.o(.text)
    OSSemPost                                0x080061f1   Thumb Code   114  os_sem.o(.text)
    OSSemSet                                 0x08006263   Thumb Code    78  os_sem.o(.text)
    OS_SemInit                               0x080062b1   Thumb Code    14  os_sem.o(.text)
    OSStatReset                              0x080062d1   Thumb Code   150  os_stat.o(.text)
    OSStatTaskCPUUsageInit                   0x08006367   Thumb Code   126  os_stat.o(.text)
    OS_StatTask                              0x080063e5   Thumb Code   482  os_stat.o(.text)
    OS_StatTaskInit                          0x080065c7   Thumb Code   120  os_stat.o(.text)
    OSTaskChangePrio                         0x080066d1   Thumb Code   240  os_task.o(.text)
    OS_TaskDbgListAdd                        0x080067c1   Thumb Code    30  os_task.o(.text)
    OS_TaskInitTCB                           0x080067df   Thumb Code   180  os_task.o(.text)
    OSTaskCreate                             0x08006893   Thumb Code   400  os_task.o(.text)
    OS_TaskDbgListRemove                     0x08006a23   Thumb Code    50  os_task.o(.text)
    OSTaskDel                                0x08006a55   Thumb Code   310  os_task.o(.text)
    OSTaskQFlush                             0x08006b8b   Thumb Code   106  os_task.o(.text)
    OSTaskQPend                              0x08006bf5   Thumb Code   328  os_task.o(.text)
    OSTaskQPendAbort                         0x08006d3d   Thumb Code   140  os_task.o(.text)
    OS_TaskQPost                             0x08006dc9   Thumb Code   222  os_task.o(.text)
    OSTaskQPost                              0x08006ea7   Thumb Code    96  os_task.o(.text)
    OSTaskRegGet                             0x08006f07   Thumb Code    66  os_task.o(.text)
    OSTaskRegGetID                           0x08006f49   Thumb Code    42  os_task.o(.text)
    OSTaskRegSet                             0x08006f73   Thumb Code    40  os_task.o(.text)
    OS_TaskResume                            0x08006f9b   Thumb Code   184  os_task.o(.text)
    OSTaskResume                             0x08007053   Thumb Code    78  os_task.o(.text)
    OSTaskSemPend                            0x080070a1   Thumb Code   300  os_task.o(.text)
    OSTaskSemPendAbort                       0x080071cd   Thumb Code   148  os_task.o(.text)
    OS_TaskSemPost                           0x08007261   Thumb Code   284  os_task.o(.text)
    OSTaskSemPost                            0x0800737d   Thumb Code    78  os_task.o(.text)
    OSTaskSemSet                             0x080073cb   Thumb Code    52  os_task.o(.text)
    OSTaskStkChk                             0x080073ff   Thumb Code   136  os_task.o(.text)
    OS_TaskSuspend                           0x08007487   Thumb Code   158  os_task.o(.text)
    OSTaskSuspend                            0x08007525   Thumb Code    64  os_task.o(.text)
    OSTaskTimeQuantaSet                      0x08007565   Thumb Code    68  os_task.o(.text)
    OS_TaskInit                              0x080075a9   Thumb Code    18  os_task.o(.text)
    OS_TaskReturn                            0x080075bb   Thumb Code    20  os_task.o(.text)
    OS_TickListRemove                        0x080075fd   Thumb Code    54  os_tick.o(.text)
    OS_TickListUpdate                        0x08007633   Thumb Code   304  os_tick.o(.text)
    OS_TickTask                              0x08007763   Thumb Code    36  os_tick.o(.text)
    OS_TickListInit                          0x08007787   Thumb Code    34  os_tick.o(.text)
    OS_TickTaskInit                          0x080077a9   Thumb Code   114  os_tick.o(.text)
    OS_TickListInsert                        0x0800781b   Thumb Code   202  os_tick.o(.text)
    OS_TickListResetPeak                     0x080078e5   Thumb Code    30  os_tick.o(.text)
    OSTimeDly                                0x0800794d   Thumb Code   158  os_time.o(.text)
    OSTimeDlyHMSM                            0x080079eb   Thumb Code   308  os_time.o(.text)
    OSTimeDlyResume                          0x08007b1f   Thumb Code   184  os_time.o(.text)
    OSTimeGet                                0x08007bd7   Thumb Code    24  os_time.o(.text)
    OSTimeSet                                0x08007bef   Thumb Code    24  os_time.o(.text)
    OSTimeTick                               0x08007c07   Thumb Code    52  os_time.o(.text)
    OS_TmrDbgListAdd                         0x08007c5d   Thumb Code    22  os_tmr.o(.text)
    OSTmrCreate                              0x08007c73   Thumb Code   168  os_tmr.o(.text)
    OS_TmrClr                                0x08007d1b   Thumb Code    34  os_tmr.o(.text)
    OS_TmrUnlink                             0x08007d3d   Thumb Code    68  os_tmr.o(.text)
    OS_TmrDbgListRemove                      0x08007d81   Thumb Code    36  os_tmr.o(.text)
    OSTmrDel                                 0x08007da5   Thumb Code   134  os_tmr.o(.text)
    OSTmrRemainGet                           0x08007e2b   Thumb Code   140  os_tmr.o(.text)
    OS_TmrLink                               0x08007eb7   Thumb Code   140  os_tmr.o(.text)
    OSTmrStart                               0x08007f43   Thumb Code   122  os_tmr.o(.text)
    OSTmrStateGet                            0x08007fbd   Thumb Code    86  os_tmr.o(.text)
    OSTmrStop                                0x08008013   Thumb Code   226  os_tmr.o(.text)
    OS_TmrTask                               0x080080f5   Thumb Code   164  os_tmr.o(.text)
    OS_TmrInit                               0x08008199   Thumb Code   174  os_tmr.o(.text)
    OS_TmrResetPeak                          0x08008247   Thumb Code    30  os_tmr.o(.text)
    OSIdleTaskHook                           0x080082b9   Thumb Code    12  os_cpu_c.o(.text)
    OSInitHook                               0x080082c5   Thumb Code    22  os_cpu_c.o(.text)
    OSStatTaskHook                           0x080082db   Thumb Code    12  os_cpu_c.o(.text)
    OSTaskCreateHook                         0x080082e7   Thumb Code    12  os_cpu_c.o(.text)
    OSTaskDelHook                            0x080082f3   Thumb Code    12  os_cpu_c.o(.text)
    OSTaskReturnHook                         0x080082ff   Thumb Code    12  os_cpu_c.o(.text)
    OSTaskStkInit                            0x0800830b   Thumb Code    96  os_cpu_c.o(.text)
    OSTaskSwHook                             0x0800836b   Thumb Code    72  os_cpu_c.o(.text)
    OSTimeTickHook                           0x080083b3   Thumb Code    12  os_cpu_c.o(.text)
    OS_CPU_SysTickHandler                    0x080083bf   Thumb Code    30  os_cpu_c.o(.text)
    OS_CPU_SysTickInit                       0x080083dd   Thumb Code    36  os_cpu_c.o(.text)
    __use_no_semihosting                     0x08008441   Thumb Code     2  use_no_semi_2.o(.text)
    __aeabi_uldivmod                         0x08008443   Thumb Code     0  lludivv7m.o(.text)
    _ll_udiv                                 0x08008443   Thumb Code   238  lludivv7m.o(.text)
    __2printf                                0x08008531   Thumb Code    20  noretval__2printf.o(.text)
    __2sprintf                               0x08008549   Thumb Code    34  noretval__2sprintf.o(.text)
    __printf                                 0x08008571   Thumb Code   104  __printf.o(.text)
    _printf_str                              0x080085d9   Thumb Code    82  _printf_str.o(.text)
    _printf_int_dec                          0x0800862d   Thumb Code   100  _printf_dec.o(.text)
    strstr                                   0x080086a1   Thumb Code    36  strstr.o(.text)
    strlen                                   0x080086c5   Thumb Code    62  strlen.o(.text)
    __use_two_region_memory                  0x08008703   Thumb Code     2  heapauxi.o(.text)
    __rt_heap_escrow$2region                 0x08008705   Thumb Code     2  heapauxi.o(.text)
    __rt_heap_expand$2region                 0x08008707   Thumb Code     2  heapauxi.o(.text)
    __I$use$semihosting                      0x08008709   Thumb Code     0  use_no_semi.o(.text)
    __use_no_semihosting_swi                 0x08008709   Thumb Code     2  use_no_semi.o(.text)
    _printf_int_common                       0x0800870b   Thumb Code   178  _printf_intcommon.o(.text)
    _printf_char_common                      0x080087c7   Thumb Code    32  _printf_char_common.o(.text)
    _sputc                                   0x080087ed   Thumb Code    10  _sputc.o(.text)
    _printf_cs_common                        0x080087f7   Thumb Code    20  _printf_char.o(.text)
    _printf_char                             0x0800880b   Thumb Code    16  _printf_char.o(.text)
    _printf_string                           0x0800881b   Thumb Code     8  _printf_char.o(.text)
    _printf_char_file                        0x08008825   Thumb Code    32  _printf_char_file.o(.text)
    ferror                                   0x08008849   Thumb Code     8  ferror.o(.text)
    __user_setup_stackheap                   0x08008851   Thumb Code    74  sys_stackheap_outer.o(.text)
    exit                                     0x0800889b   Thumb Code    12  exit.o(.text)
    __user_libspace                          0x080088a9   Thumb Code     8  libspace.o(.text)
    __user_perproc_libspace                  0x080088a9   Thumb Code     0  libspace.o(.text)
    __user_perthread_libspace                0x080088a9   Thumb Code     0  libspace.o(.text)
    OSStartHighRdy                           0x080088b1   Thumb Code     0  os_cpu_a.o(CODE)
    OSCtxSw                                  0x080088d3   Thumb Code     0  os_cpu_a.o(CODE)
    OSIntCtxSw                               0x080088dd   Thumb Code     0  os_cpu_a.o(CODE)
    PendSV_Handler                           0x080088e7   Thumb Code     0  os_cpu_a.o(CODE)
    __aeabi_dadd                             0x08008949   Thumb Code     0  daddsub_clz.o(x$fpl$dadd)
    _dadd                                    0x08008949   Thumb Code   332  daddsub_clz.o(x$fpl$dadd)
    __fpl_dcmp_Inf                           0x08008a99   Thumb Code    24  dcmpi.o(x$fpl$dcmpinf)
    __aeabi_cdcmple                          0x08008ab1   Thumb Code     0  dleqf.o(x$fpl$dleqf)
    _dcmple                                  0x08008ab1   Thumb Code   120  dleqf.o(x$fpl$dleqf)
    __fpl_dcmple_InfNaN                      0x08008b13   Thumb Code     0  dleqf.o(x$fpl$dleqf)
    __fpl_dnaninf                            0x08008b29   Thumb Code   156  dnaninf.o(x$fpl$dnaninf)
    __fpl_dretinf                            0x08008bc5   Thumb Code    12  dretinf.o(x$fpl$dretinf)
    __aeabi_cdrcmple                         0x08008bd1   Thumb Code     0  drleqf.o(x$fpl$drleqf)
    _drcmple                                 0x08008bd1   Thumb Code   108  drleqf.o(x$fpl$drleqf)
    __aeabi_dsub                             0x08008c3d   Thumb Code     0  daddsub_clz.o(x$fpl$dsub)
    _dsub                                    0x08008c3d   Thumb Code   464  daddsub_clz.o(x$fpl$dsub)
    __aeabi_f2d                              0x08008e11   Thumb Code     0  f2d.o(x$fpl$f2d)
    _f2d                                     0x08008e11   Thumb Code    86  f2d.o(x$fpl$f2d)
    __fpl_fcheck_NaN1                        0x08008e69   Thumb Code     6  fcheck1.o(x$fpl$fcheck1)
    __aeabi_i2f                              0x08008e75   Thumb Code     0  fflt_clz.o(x$fpl$fflt)
    _fflt                                    0x08008e75   Thumb Code    48  fflt_clz.o(x$fpl$fflt)
    __aeabi_fmul                             0x08008ea5   Thumb Code     0  fmul.o(x$fpl$fmul)
    _fmul                                    0x08008ea5   Thumb Code   258  fmul.o(x$fpl$fmul)
    __fpl_fnaninf                            0x08008fa7   Thumb Code   140  fnaninf.o(x$fpl$fnaninf)
    __fpl_fretinf                            0x08009033   Thumb Code    10  fretinf.o(x$fpl$fretinf)
    __fpl_return_NaN                         0x0800903d   Thumb Code   100  retnan.o(x$fpl$retnan)
    __ARM_scalbnf                            0x080090a1   Thumb Code    76  scalbnf.o(x$fpl$scalbnf)
    __fpl_cmpreturn                          0x080090ed   Thumb Code    48  trapv.o(x$fpl$trapveneer)
    __I$use$fp                               0x0800911c   Number         0  usenofp.o(x$fpl$usenofp)
    OSCfg_StatTaskPrio                       0x080092b0   Data           1  os_cfg_app.o(.constdata)
    OSCfg_TickTaskPrio                       0x080092b1   Data           1  os_cfg_app.o(.constdata)
    OSCfg_TmrTaskPrio                        0x080092b2   Data           1  os_cfg_app.o(.constdata)
    OSCfg_IntQSize                           0x080092b4   Data           2  os_cfg_app.o(.constdata)
    OSCfg_MsgPoolSize                        0x080092b6   Data           2  os_cfg_app.o(.constdata)
    OSCfg_TickWheelSize                      0x080092b8   Data           2  os_cfg_app.o(.constdata)
    OSCfg_TmrWheelSize                       0x080092ba   Data           2  os_cfg_app.o(.constdata)
    OSCfg_IdleTaskStkBasePtr                 0x080092bc   Data           4  os_cfg_app.o(.constdata)
    OSCfg_IdleTaskStkLimit                   0x080092c0   Data           4  os_cfg_app.o(.constdata)
    OSCfg_IdleTaskStkSize                    0x080092c4   Data           4  os_cfg_app.o(.constdata)
    OSCfg_IdleTaskStkSizeRAM                 0x080092c8   Data           4  os_cfg_app.o(.constdata)
    OSCfg_IntQBasePtr                        0x080092cc   Data           4  os_cfg_app.o(.constdata)
    OSCfg_IntQSizeRAM                        0x080092d0   Data           4  os_cfg_app.o(.constdata)
    OSCfg_IntQTaskStkBasePtr                 0x080092d4   Data           4  os_cfg_app.o(.constdata)
    OSCfg_IntQTaskStkLimit                   0x080092d8   Data           4  os_cfg_app.o(.constdata)
    OSCfg_IntQTaskStkSize                    0x080092dc   Data           4  os_cfg_app.o(.constdata)
    OSCfg_IntQTaskStkSizeRAM                 0x080092e0   Data           4  os_cfg_app.o(.constdata)
    OSCfg_ISRStkBasePtr                      0x080092e4   Data           4  os_cfg_app.o(.constdata)
    OSCfg_ISRStkSize                         0x080092e8   Data           4  os_cfg_app.o(.constdata)
    OSCfg_ISRStkSizeRAM                      0x080092ec   Data           4  os_cfg_app.o(.constdata)
    OSCfg_MsgPoolSizeRAM                     0x080092f0   Data           4  os_cfg_app.o(.constdata)
    OSCfg_MsgPoolBasePtr                     0x080092f4   Data           4  os_cfg_app.o(.constdata)
    OSCfg_StatTaskRate_Hz                    0x080092f8   Data           4  os_cfg_app.o(.constdata)
    OSCfg_StatTaskStkBasePtr                 0x080092fc   Data           4  os_cfg_app.o(.constdata)
    OSCfg_StatTaskStkLimit                   0x08009300   Data           4  os_cfg_app.o(.constdata)
    OSCfg_StatTaskStkSize                    0x08009304   Data           4  os_cfg_app.o(.constdata)
    OSCfg_StatTaskStkSizeRAM                 0x08009308   Data           4  os_cfg_app.o(.constdata)
    OSCfg_StkSizeMin                         0x0800930c   Data           4  os_cfg_app.o(.constdata)
    OSCfg_TickRate_Hz                        0x08009310   Data           4  os_cfg_app.o(.constdata)
    OSCfg_TickTaskStkBasePtr                 0x08009314   Data           4  os_cfg_app.o(.constdata)
    OSCfg_TickTaskStkLimit                   0x08009318   Data           4  os_cfg_app.o(.constdata)
    OSCfg_TickTaskStkSize                    0x0800931c   Data           4  os_cfg_app.o(.constdata)
    OSCfg_TickTaskStkSizeRAM                 0x08009320   Data           4  os_cfg_app.o(.constdata)
    OSCfg_TickWheelSizeRAM                   0x08009324   Data           4  os_cfg_app.o(.constdata)
    OSCfg_TmrTaskRate_Hz                     0x08009328   Data           4  os_cfg_app.o(.constdata)
    OSCfg_TmrTaskStkBasePtr                  0x0800932c   Data           4  os_cfg_app.o(.constdata)
    OSCfg_TmrTaskStkLimit                    0x08009330   Data           4  os_cfg_app.o(.constdata)
    OSCfg_TmrTaskStkSize                     0x08009334   Data           4  os_cfg_app.o(.constdata)
    OSCfg_TmrTaskStkSizeRAM                  0x08009338   Data           4  os_cfg_app.o(.constdata)
    OSCfg_TmrWheelSizeRAM                    0x0800933c   Data           4  os_cfg_app.o(.constdata)
    OSCfg_DataSizeRAM                        0x08009340   Data           4  os_cfg_app.o(.constdata)
    Region$$Table$$Base                      0x08009344   Number         0  anon$$obj.o(Region$$Table)
    Region$$Table$$Limit                     0x08009364   Number         0  anon$$obj.o(Region$$Table)
    SystemCoreClock                          0x20000000   Data           4  system_stm32f10x.o(.data)
    AHBPrescTable                            0x20000004   Data          16  system_stm32f10x.o(.data)
    stcAcc                                   0x2000001a   Data           8  uart2.o(.data)
    stcGyro                                  0x20000022   Data           8  uart2.o(.data)
    stcAngle                                 0x2000002a   Data           8  uart2.o(.data)
    decode_flag                              0x20000032   Data           1  zigbee.o(.data)
    code_len                                 0x20000033   Data           1  zigbee.o(.data)
    code_num                                 0x20000034   Data           1  zigbee.o(.data)
    USART_RX_STA                             0x2000003a   Data           2  usart.o(.data)
    __stdout                                 0x2000003c   Data           4  usart.o(.data)
    CPU_TS_TmrFreq_Hz                        0x20000054   Data           4  cpu_core.o(.data)
    Mem_PoolTbl                              0x20000058   Data           4  lib_mem.o(.data)
    OSPrioTbl                                0x2000005c   Data           8  os_prio.o(.data)
    OS_AppTaskCreateHookPtr                  0x20000064   Data           4  os_var.o(.data)
    OS_AppTaskDelHookPtr                     0x20000068   Data           4  os_var.o(.data)
    OS_AppTaskReturnHookPtr                  0x2000006c   Data           4  os_var.o(.data)
    OS_AppIdleTaskHookPtr                    0x20000070   Data           4  os_var.o(.data)
    OS_AppStatTaskHookPtr                    0x20000074   Data           4  os_var.o(.data)
    OS_AppTaskSwHookPtr                      0x20000078   Data           4  os_var.o(.data)
    OS_AppTimeTickHookPtr                    0x2000007c   Data           4  os_var.o(.data)
    OSIdleTaskCtr                            0x20000080   Data           4  os_var.o(.data)
    OSIntNestingCtr                          0x20000084   Data           1  os_var.o(.data)
    OSRunning                                0x20000085   Data           1  os_var.o(.data)
    OSIntQInPtr                              0x20000088   Data           4  os_var.o(.data)
    OSIntQOutPtr                             0x2000008c   Data           4  os_var.o(.data)
    OSIntQNbrEntries                         0x20000090   Data           2  os_var.o(.data)
    OSIntQNbrEntriesMax                      0x20000092   Data           2  os_var.o(.data)
    OSIntQOvfCtr                             0x20000094   Data           2  os_var.o(.data)
    OSIntQTaskTimeMax                        0x20000098   Data           4  os_var.o(.data)
    OSFlagDbgListPtr                         0x2000009c   Data           4  os_var.o(.data)
    OSFlagQty                                0x200000a0   Data           2  os_var.o(.data)
    OSMemDbgListPtr                          0x200000a4   Data           4  os_var.o(.data)
    OSMemQty                                 0x200000a8   Data           2  os_var.o(.data)
    OSMutexDbgListPtr                        0x200000ac   Data           4  os_var.o(.data)
    OSMutexQty                               0x200000b0   Data           2  os_var.o(.data)
    OSPrioCur                                0x200000b2   Data           1  os_var.o(.data)
    OSPrioHighRdy                            0x200000b3   Data           1  os_var.o(.data)
    OSPrioSaved                              0x200000b4   Data           1  os_var.o(.data)
    OSQDbgListPtr                            0x200000b8   Data           4  os_var.o(.data)
    OSQQty                                   0x200000bc   Data           2  os_var.o(.data)
    OSSchedLockTimeBegin                     0x200000c0   Data           4  os_var.o(.data)
    OSSchedLockTimeMax                       0x200000c4   Data           4  os_var.o(.data)
    OSSchedLockTimeMaxCur                    0x200000c8   Data           4  os_var.o(.data)
    OSSchedLockNestingCtr                    0x200000cc   Data           1  os_var.o(.data)
    OSSchedRoundRobinDfltTimeQuanta          0x200000d0   Data           4  os_var.o(.data)
    OSSchedRoundRobinEn                      0x200000d4   Data           1  os_var.o(.data)
    OSSemDbgListPtr                          0x200000d8   Data           4  os_var.o(.data)
    OSSemQty                                 0x200000dc   Data           2  os_var.o(.data)
    OSStatResetFlag                          0x200000de   Data           1  os_var.o(.data)
    OSStatTaskCPUUsage                       0x200000e0   Data           2  os_var.o(.data)
    OSStatTaskCPUUsageMax                    0x200000e2   Data           2  os_var.o(.data)
    OSStatTaskCtr                            0x200000e4   Data           4  os_var.o(.data)
    OSStatTaskCtrMax                         0x200000e8   Data           4  os_var.o(.data)
    OSStatTaskCtrRun                         0x200000ec   Data           4  os_var.o(.data)
    OSStatTaskRdy                            0x200000f0   Data           1  os_var.o(.data)
    OSStatTaskTimeMax                        0x200000f4   Data           4  os_var.o(.data)
    OSTaskCtxSwCtr                           0x200000f8   Data           4  os_var.o(.data)
    OSTaskDbgListPtr                         0x200000fc   Data           4  os_var.o(.data)
    OSTaskQty                                0x20000100   Data           2  os_var.o(.data)
    OSTaskRegNextAvailID                     0x20000102   Data           1  os_var.o(.data)
    OSTickCtr                                0x20000104   Data           4  os_var.o(.data)
    OSTickTaskTimeMax                        0x20000108   Data           4  os_var.o(.data)
    OSTmrDbgListPtr                          0x2000010c   Data           4  os_var.o(.data)
    OSTmrQty                                 0x20000110   Data           2  os_var.o(.data)
    OSTmrTaskTimeMax                         0x20000114   Data           4  os_var.o(.data)
    OSTmrTickCtr                             0x20000118   Data           4  os_var.o(.data)
    OSTmrUpdateCnt                           0x2000011c   Data           4  os_var.o(.data)
    OSTmrUpdateCtr                           0x20000120   Data           4  os_var.o(.data)
    OSTCBCurPtr                              0x20000124   Data           4  os_var.o(.data)
    OSTCBHighRdyPtr                          0x20000128   Data           4  os_var.o(.data)
    OS_CPU_ExceptStkBase                     0x2000012c   Data           4  os_cpu_c.o(.data)
    StartTaskTCB                             0x20000130   Data         196  main.o(.bss)
    START_TASK_STK                           0x200001f4   Data         512  main.o(.bss)
    Sensor_TaskTCB                           0x200003f4   Data         196  main.o(.bss)
    SENSOR_TASK_STK                          0x200004b8   Data         512  main.o(.bss)
    MPU6050_TaskTCB                          0x200006b8   Data         196  main.o(.bss)
    MPU6050_TASK_STK                         0x2000077c   Data        1024  main.o(.bss)
    LOCATION_TaskTCB                         0x20000b7c   Data         196  main.o(.bss)
    LOCATION_TASK_STK                        0x20000c40   Data         512  main.o(.bss)
    measure                                  0x2000103c   Data          36  uart2.o(.bss)
    code                                     0x20001060   Data         100  zigbee.o(.bss)
    send_data                                0x200010c4   Data         100  zigbee.o(.bss)
    USART_RX_BUF                             0x20001128   Data         200  usart.o(.bss)
    CPU_Name                                 0x200011f0   Data          16  cpu_core.o(.bss)
    Mem_PoolHeap                             0x20001200   Data          72  lib_mem.o(.bss)
    Mem_Heap                                 0x20001248   Data        1024  lib_mem.o(.bss)
    OSCfg_IdleTaskStk                        0x20001648   Data         512  os_cfg_app.o(.bss)
    OSCfg_IntQ                               0x20001848   Data         320  os_cfg_app.o(.bss)
    OSCfg_IntQTaskStk                        0x20001988   Data         512  os_cfg_app.o(.bss)
    OSCfg_ISRStk                             0x20001b88   Data         512  os_cfg_app.o(.bss)
    OSCfg_MsgPool                            0x20001d88   Data        1600  os_cfg_app.o(.bss)
    OSCfg_StatTaskStk                        0x200023c8   Data         512  os_cfg_app.o(.bss)
    OSCfg_TickTaskStk                        0x200025c8   Data         512  os_cfg_app.o(.bss)
    OSCfg_TickWheel                          0x200027c8   Data         136  os_cfg_app.o(.bss)
    OSCfg_TmrTaskStk                         0x20002850   Data         512  os_cfg_app.o(.bss)
    OSCfg_TmrWheel                           0x20002a50   Data         136  os_cfg_app.o(.bss)
    OSIdleTaskTCB                            0x20002ad8   Data         196  os_var.o(.bss)
    OSIntQTaskTCB                            0x20002b9c   Data         196  os_var.o(.bss)
    OSMsgPool                                0x20002c60   Data          12  os_var.o(.bss)
    OSRdyList                                0x20002c6c   Data         768  os_var.o(.bss)
    OSStatTaskTCB                            0x20002f6c   Data         196  os_var.o(.bss)
    OSTickTaskTCB                            0x20003030   Data         196  os_var.o(.bss)
    OSTmrTaskTCB                             0x200030f4   Data         196  os_var.o(.bss)
    __libspace_start                         0x200031b8   Data          96  libspace.o(.bss)
    __temporary_stack_top$libspace           0x20003218   Data           0  libspace.o(.bss)



==============================================================================

Memory Map of the image

  Image Entry point : 0x08000131

  Load Region LR_IROM1 (Base: 0x08000000, Size: 0x00009494, Max: 0x00040000, ABSOLUTE, COMPRESSED[0x00009380])

    Execution Region ER_IROM1 (Base: 0x08000000, Size: 0x00009364, Max: 0x00040000, ABSOLUTE)

    Base Addr    Size         Type   Attr      Idx    E Section Name        Object

    0x08000000   0x00000130   Data   RO          412    RESET               startup_stm32f10x_hd.o
    0x08000130   0x00000008   Code   RO         1083  * !!!main             c_w.l(__main.o)
    0x08000138   0x00000034   Code   RO         1303    !!!scatter          c_w.l(__scatter.o)
    0x0800016c   0x0000005a   Code   RO         1301    !!dczerorl2         c_w.l(__dczerorl2.o)
    0x080001c6   0x00000002   PAD
    0x080001c8   0x0000001c   Code   RO         1305    !!handler_zi        c_w.l(__scatter_zi.o)
    0x080001e4   0x00000000   Code   RO         1076    .ARM.Collect$$_printf_percent$$00000000  c_w.l(_printf_percent.o)
    0x080001e4   0x00000006   Code   RO         1075    .ARM.Collect$$_printf_percent$$00000009  c_w.l(_printf_d.o)
    0x080001ea   0x00000006   Code   RO         1073    .ARM.Collect$$_printf_percent$$00000013  c_w.l(_printf_c.o)
    0x080001f0   0x00000006   Code   RO         1074    .ARM.Collect$$_printf_percent$$00000014  c_w.l(_printf_s.o)
    0x080001f6   0x00000004   Code   RO         1122    .ARM.Collect$$_printf_percent$$00000017  c_w.l(_printf_percent_end.o)
    0x080001fa   0x00000002   Code   RO         1176    .ARM.Collect$$libinit$$00000000  c_w.l(libinit.o)
    0x080001fc   0x00000000   Code   RO         1191    .ARM.Collect$$libinit$$00000002  c_w.l(libinit2.o)
    0x080001fc   0x00000000   Code   RO         1194    .ARM.Collect$$libinit$$00000008  c_w.l(libinit2.o)
    0x080001fc   0x00000000   Code   RO         1196    .ARM.Collect$$libinit$$0000000A  c_w.l(libinit2.o)
    0x080001fc   0x00000000   Code   RO         1198    .ARM.Collect$$libinit$$0000000C  c_w.l(libinit2.o)
    0x080001fc   0x00000000   Code   RO         1201    .ARM.Collect$$libinit$$0000000F  c_w.l(libinit2.o)
    0x080001fc   0x00000000   Code   RO         1203    .ARM.Collect$$libinit$$00000011  c_w.l(libinit2.o)
    0x080001fc   0x00000000   Code   RO         1205    .ARM.Collect$$libinit$$00000013  c_w.l(libinit2.o)
    0x080001fc   0x00000000   Code   RO         1207    .ARM.Collect$$libinit$$00000015  c_w.l(libinit2.o)
    0x080001fc   0x00000000   Code   RO         1209    .ARM.Collect$$libinit$$00000017  c_w.l(libinit2.o)
    0x080001fc   0x00000000   Code   RO         1211    .ARM.Collect$$libinit$$00000019  c_w.l(libinit2.o)
    0x080001fc   0x00000000   Code   RO         1213    .ARM.Collect$$libinit$$0000001B  c_w.l(libinit2.o)
    0x080001fc   0x00000000   Code   RO         1215    .ARM.Collect$$libinit$$0000001D  c_w.l(libinit2.o)
    0x080001fc   0x00000000   Code   RO         1217    .ARM.Collect$$libinit$$0000001F  c_w.l(libinit2.o)
    0x080001fc   0x00000000   Code   RO         1219    .ARM.Collect$$libinit$$00000021  c_w.l(libinit2.o)
    0x080001fc   0x00000000   Code   RO         1221    .ARM.Collect$$libinit$$00000023  c_w.l(libinit2.o)
    0x080001fc   0x00000000   Code   RO         1225    .ARM.Collect$$libinit$$0000002A  c_w.l(libinit2.o)
    0x080001fc   0x00000000   Code   RO         1227    .ARM.Collect$$libinit$$0000002C  c_w.l(libinit2.o)
    0x080001fc   0x00000000   Code   RO         1229    .ARM.Collect$$libinit$$0000002E  c_w.l(libinit2.o)
    0x080001fc   0x00000000   Code   RO         1231    .ARM.Collect$$libinit$$00000030  c_w.l(libinit2.o)
    0x080001fc   0x00000002   Code   RO         1232    .ARM.Collect$$libinit$$00000031  c_w.l(libinit2.o)
    0x080001fe   0x00000002   Code   RO         1258    .ARM.Collect$$libshutdown$$00000000  c_w.l(libshutdown.o)
    0x08000200   0x00000000   Code   RO         1286    .ARM.Collect$$libshutdown$$00000003  c_w.l(libshutdown2.o)
    0x08000200   0x00000000   Code   RO         1289    .ARM.Collect$$libshutdown$$00000006  c_w.l(libshutdown2.o)
    0x08000200   0x00000000   Code   RO         1292    .ARM.Collect$$libshutdown$$00000009  c_w.l(libshutdown2.o)
    0x08000200   0x00000000   Code   RO         1294    .ARM.Collect$$libshutdown$$0000000B  c_w.l(libshutdown2.o)
    0x08000200   0x00000000   Code   RO         1297    .ARM.Collect$$libshutdown$$0000000E  c_w.l(libshutdown2.o)
    0x08000200   0x00000002   Code   RO         1298    .ARM.Collect$$libshutdown$$0000000F  c_w.l(libshutdown2.o)
    0x08000202   0x00000000   Code   RO         1107    .ARM.Collect$$rtentry$$00000000  c_w.l(rtentry.o)
    0x08000202   0x00000000   Code   RO         1137    .ARM.Collect$$rtentry$$00000002  c_w.l(rtentry2.o)
    0x08000202   0x00000006   Code   RO         1149    .ARM.Collect$$rtentry$$00000004  c_w.l(rtentry4.o)
    0x08000208   0x00000000   Code   RO         1139    .ARM.Collect$$rtentry$$00000009  c_w.l(rtentry2.o)
    0x08000208   0x00000004   Code   RO         1140    .ARM.Collect$$rtentry$$0000000A  c_w.l(rtentry2.o)
    0x0800020c   0x00000000   Code   RO         1142    .ARM.Collect$$rtentry$$0000000C  c_w.l(rtentry2.o)
    0x0800020c   0x00000008   Code   RO         1143    .ARM.Collect$$rtentry$$0000000D  c_w.l(rtentry2.o)
    0x08000214   0x00000002   Code   RO         1182    .ARM.Collect$$rtexit$$00000000  c_w.l(rtexit.o)
    0x08000216   0x00000000   Code   RO         1234    .ARM.Collect$$rtexit$$00000002  c_w.l(rtexit2.o)
    0x08000216   0x00000004   Code   RO         1235    .ARM.Collect$$rtexit$$00000003  c_w.l(rtexit2.o)
    0x0800021a   0x00000006   Code   RO         1236    .ARM.Collect$$rtexit$$00000004  c_w.l(rtexit2.o)
    0x08000220   0x00000454   Code   RO            1    .text               main.o
    0x08000674   0x0000000e   Code   RO          169    .text               stm32f10x_it.o
    0x08000682   0x00000002   PAD
    0x08000684   0x00000158   Code   RO          201    .text               system_stm32f10x.o
    0x080007dc   0x000000f4   Code   RO          219    .text               key.o
    0x080008d0   0x0000005c   Code   RO          232    .text               led.o
    0x0800092c   0x00000038   Code   RO          244    .text               beep.o
    0x08000964   0x00000318   Code   RO          256    .text               uart2.o
    0x08000c7c   0x00000088   Code   RO          292    .text               timer.o
    0x08000d04   0x00000108   Code   RO          305    .text               zigbee.o
    0x08000e0c   0x0000003c   Code   RO          328    .text               gas.o
    0x08000e48   0x00000114   Code   RO          340    .text               delay.o
    0x08000f5c   0x00000248   Code   RO          372    .text               usart.o
    0x080011a4   0x00000040   Code   RO          413    .text               startup_stm32f10x_hd.o
    0x080011e4   0x000000b0   Code   RO          417    .text               misc.o
    0x08001294   0x00000264   Code   RO          429    .text               stm32f10x_gpio.o
    0x080014f8   0x00000328   Code   RO          441    .text               stm32f10x_usart.o
    0x08001820   0x000002b8   Code   RO          453    .text               stm32f10x_rcc.o
    0x08001ad8   0x00000af0   Code   RO          539    .text               stm32f10x_tim.o
    0x080025c8   0x00000068   Code   RO          552    .text               bsp.o
    0x08002630   0x000001c0   Code   RO          568    .text               cpu_core.o
    0x080027f0   0x00000034   Code   RO          608    .text               cpu_a.o
    0x08002824   0x0000015a   Code   RO          611    .text               lib_ascii.o
    0x0800297e   0x00000002   PAD
    0x08002980   0x00000668   Code   RO          646    .text               lib_mem.o
    0x08002fe8   0x000005a0   Code   RO          665    .text               lib_str.o
    0x08003588   0x00000220   Code   RO          683    .text               lib_mem_a.o
    0x080037a8   0x00000002   Code   RO          686    .text               os_cfg_app.o
    0x080037aa   0x00000002   PAD
    0x080037ac   0x00000adc   Code   RO          718    .text               os_core.o
    0x08004288   0x00000002   Code   RO          731    .text               os_dbg.o
    0x0800428a   0x00000002   PAD
    0x0800428c   0x00000768   Code   RO          747    .text               os_flag.o
    0x080049f4   0x00000328   Code   RO          760    .text               os_int.o
    0x08004d1c   0x00000174   Code   RO          772    .text               os_mem.o
    0x08004e90   0x00000188   Code   RO          784    .text               os_msg.o
    0x08005018   0x000006e4   Code   RO          796    .text               os_mutex.o
    0x080056fc   0x00000070   Code   RO          815    .text               os_prio.o
    0x0800576c   0x00000610   Code   RO          834    .text               os_q.o
    0x08005d7c   0x00000554   Code   RO          847    .text               os_sem.o
    0x080062d0   0x00000400   Code   RO          860    .text               os_stat.o
    0x080066d0   0x00000f2c   Code   RO          872    .text               os_task.o
    0x080075fc   0x00000350   Code   RO          884    .text               os_tick.o
    0x0800794c   0x00000310   Code   RO          897    .text               os_time.o
    0x08007c5c   0x0000065c   Code   RO          909    .text               os_tmr.o
    0x080082b8   0x00000188   Code   RO         1000    .text               os_cpu_c.o
    0x08008440   0x00000002   Code   RO         1035    .text               c_w.l(use_no_semi_2.o)
    0x08008442   0x000000ee   Code   RO         1037    .text               c_w.l(lludivv7m.o)
    0x08008530   0x00000018   Code   RO         1043    .text               c_w.l(noretval__2printf.o)
    0x08008548   0x00000028   Code   RO         1045    .text               c_w.l(noretval__2sprintf.o)
    0x08008570   0x00000068   Code   RO         1047    .text               c_w.l(__printf.o)
    0x080085d8   0x00000052   Code   RO         1049    .text               c_w.l(_printf_str.o)
    0x0800862a   0x00000002   PAD
    0x0800862c   0x00000074   Code   RO         1051    .text               c_w.l(_printf_dec.o)
    0x080086a0   0x00000024   Code   RO         1077    .text               c_w.l(strstr.o)
    0x080086c4   0x0000003e   Code   RO         1079    .text               c_w.l(strlen.o)
    0x08008702   0x00000006   Code   RO         1081    .text               c_w.l(heapauxi.o)
    0x08008708   0x00000002   Code   RO         1105    .text               c_w.l(use_no_semi.o)
    0x0800870a   0x000000b2   Code   RO         1112    .text               c_w.l(_printf_intcommon.o)
    0x080087bc   0x00000030   Code   RO         1114    .text               c_w.l(_printf_char_common.o)
    0x080087ec   0x0000000a   Code   RO         1116    .text               c_w.l(_sputc.o)
    0x080087f6   0x0000002c   Code   RO         1118    .text               c_w.l(_printf_char.o)
    0x08008822   0x00000002   PAD
    0x08008824   0x00000024   Code   RO         1120    .text               c_w.l(_printf_char_file.o)
    0x08008848   0x00000008   Code   RO         1155    .text               c_w.l(ferror.o)
    0x08008850   0x0000004a   Code   RO         1163    .text               c_w.l(sys_stackheap_outer.o)
    0x0800889a   0x0000000c   Code   RO         1165    .text               c_w.l(exit.o)
    0x080088a6   0x00000002   PAD
    0x080088a8   0x00000008   Code   RO         1179    .text               c_w.l(libspace.o)
    0x080088b0   0x00000098   Code   RO          997    CODE                os_cpu_a.o
    0x08008948   0x00000150   Code   RO         1085    x$fpl$dadd          fz_ws.l(daddsub_clz.o)
    0x08008a98   0x00000018   Code   RO         1159    x$fpl$dcmpinf       fz_ws.l(dcmpi.o)
    0x08008ab0   0x00000078   Code   RO         1123    x$fpl$dleqf         fz_ws.l(dleqf.o)
    0x08008b28   0x0000009c   Code   RO         1125    x$fpl$dnaninf       fz_ws.l(dnaninf.o)
    0x08008bc4   0x0000000c   Code   RO         1127    x$fpl$dretinf       fz_ws.l(dretinf.o)
    0x08008bd0   0x0000006c   Code   RO         1091    x$fpl$drleqf        fz_ws.l(drleqf.o)
    0x08008c3c   0x000001d4   Code   RO         1087    x$fpl$dsub          fz_ws.l(daddsub_clz.o)
    0x08008e10   0x00000056   Code   RO         1093    x$fpl$f2d           fz_ws.l(f2d.o)
    0x08008e66   0x00000002   PAD
    0x08008e68   0x0000000c   Code   RO         1129    x$fpl$fcheck1       fz_ws.l(fcheck1.o)
    0x08008e74   0x00000030   Code   RO         1096    x$fpl$fflt          fz_ws.l(fflt_clz.o)
    0x08008ea4   0x00000102   Code   RO         1101    x$fpl$fmul          fz_ws.l(fmul.o)
    0x08008fa6   0x0000008c   Code   RO         1131    x$fpl$fnaninf       fz_ws.l(fnaninf.o)
    0x08009032   0x0000000a   Code   RO         1133    x$fpl$fretinf       fz_ws.l(fretinf.o)
    0x0800903c   0x00000064   Code   RO         1161    x$fpl$retnan        fz_ws.l(retnan.o)
    0x080090a0   0x0000004c   Code   RO         1103    x$fpl$scalbnf       fz_ws.l(scalbnf.o)
    0x080090ec   0x00000030   Code   RO         1177    x$fpl$trapveneer    fz_ws.l(trapv.o)
    0x0800911c   0x00000000   Code   RO         1135    x$fpl$usenofp       fz_ws.l(usenofp.o)
    0x0800911c   0x00000100   Data   RO          570    .constdata          cpu_core.o
    0x0800921c   0x00000094   Data   RO          666    .constdata          lib_str.o
    0x080092b0   0x00000094   Data   RO          697    .constdata          os_cfg_app.o
    0x08009344   0x00000020   Data   RO         1299    Region$$Table       anon$$obj.o


    Execution Region RW_IRAM1 (Base: 0x20000000, Size: 0x00003818, Max: 0x0000c000, ABSOLUTE, COMPRESSED[0x0000001c])

    Base Addr    Size         Type   Attr      Idx    E Section Name        Object

    0x20000000   0x00000014   Data   RW          202    .data               system_stm32f10x.o
    0x20000014   0x00000001   Data   RW          220    .data               key.o
    0x20000015   0x00000001   PAD
    0x20000016   0x0000001c   Data   RW          258    .data               uart2.o
    0x20000032   0x00000003   Data   RW          307    .data               zigbee.o
    0x20000035   0x00000001   PAD
    0x20000036   0x00000004   Data   RW          341    .data               delay.o
    0x2000003a   0x00000002   Data   RW          374    .data               usart.o
    0x2000003c   0x00000004   Data   RW          375    .data               usart.o
    0x20000040   0x00000014   Data   RW          454    .data               stm32f10x_rcc.o
    0x20000054   0x00000004   Data   RW          572    .data               cpu_core.o
    0x20000058   0x00000004   Data   RW          648    .data               lib_mem.o
    0x2000005c   0x00000008   Data   RW          816    .data               os_prio.o
    0x20000064   0x00000004   Data   RW          928    .data               os_var.o
    0x20000068   0x00000004   Data   RW          929    .data               os_var.o
    0x2000006c   0x00000004   Data   RW          930    .data               os_var.o
    0x20000070   0x00000004   Data   RW          931    .data               os_var.o
    0x20000074   0x00000004   Data   RW          932    .data               os_var.o
    0x20000078   0x00000004   Data   RW          933    .data               os_var.o
    0x2000007c   0x00000004   Data   RW          934    .data               os_var.o
    0x20000080   0x00000004   Data   RW          935    .data               os_var.o
    0x20000084   0x00000001   Data   RW          936    .data               os_var.o
    0x20000085   0x00000001   Data   RW          937    .data               os_var.o
    0x20000086   0x00000002   PAD
    0x20000088   0x00000004   Data   RW          938    .data               os_var.o
    0x2000008c   0x00000004   Data   RW          939    .data               os_var.o
    0x20000090   0x00000002   Data   RW          940    .data               os_var.o
    0x20000092   0x00000002   Data   RW          941    .data               os_var.o
    0x20000094   0x00000002   Data   RW          942    .data               os_var.o
    0x20000096   0x00000002   PAD
    0x20000098   0x00000004   Data   RW          943    .data               os_var.o
    0x2000009c   0x00000004   Data   RW          944    .data               os_var.o
    0x200000a0   0x00000002   Data   RW          945    .data               os_var.o
    0x200000a2   0x00000002   PAD
    0x200000a4   0x00000004   Data   RW          946    .data               os_var.o
    0x200000a8   0x00000002   Data   RW          947    .data               os_var.o
    0x200000aa   0x00000002   PAD
    0x200000ac   0x00000004   Data   RW          948    .data               os_var.o
    0x200000b0   0x00000002   Data   RW          949    .data               os_var.o
    0x200000b2   0x00000001   Data   RW          950    .data               os_var.o
    0x200000b3   0x00000001   Data   RW          951    .data               os_var.o
    0x200000b4   0x00000001   Data   RW          952    .data               os_var.o
    0x200000b5   0x00000003   PAD
    0x200000b8   0x00000004   Data   RW          953    .data               os_var.o
    0x200000bc   0x00000002   Data   RW          954    .data               os_var.o
    0x200000be   0x00000002   PAD
    0x200000c0   0x00000004   Data   RW          955    .data               os_var.o
    0x200000c4   0x00000004   Data   RW          956    .data               os_var.o
    0x200000c8   0x00000004   Data   RW          957    .data               os_var.o
    0x200000cc   0x00000001   Data   RW          958    .data               os_var.o
    0x200000cd   0x00000003   PAD
    0x200000d0   0x00000004   Data   RW          959    .data               os_var.o
    0x200000d4   0x00000001   Data   RW          960    .data               os_var.o
    0x200000d5   0x00000003   PAD
    0x200000d8   0x00000004   Data   RW          961    .data               os_var.o
    0x200000dc   0x00000002   Data   RW          962    .data               os_var.o
    0x200000de   0x00000001   Data   RW          963    .data               os_var.o
    0x200000df   0x00000001   PAD
    0x200000e0   0x00000002   Data   RW          964    .data               os_var.o
    0x200000e2   0x00000002   Data   RW          965    .data               os_var.o
    0x200000e4   0x00000004   Data   RW          966    .data               os_var.o
    0x200000e8   0x00000004   Data   RW          967    .data               os_var.o
    0x200000ec   0x00000004   Data   RW          968    .data               os_var.o
    0x200000f0   0x00000001   Data   RW          969    .data               os_var.o
    0x200000f1   0x00000003   PAD
    0x200000f4   0x00000004   Data   RW          970    .data               os_var.o
    0x200000f8   0x00000004   Data   RW          971    .data               os_var.o
    0x200000fc   0x00000004   Data   RW          972    .data               os_var.o
    0x20000100   0x00000002   Data   RW          973    .data               os_var.o
    0x20000102   0x00000001   Data   RW          974    .data               os_var.o
    0x20000103   0x00000001   PAD
    0x20000104   0x00000004   Data   RW          975    .data               os_var.o
    0x20000108   0x00000004   Data   RW          976    .data               os_var.o
    0x2000010c   0x00000004   Data   RW          977    .data               os_var.o
    0x20000110   0x00000002   Data   RW          978    .data               os_var.o
    0x20000112   0x00000002   PAD
    0x20000114   0x00000004   Data   RW          979    .data               os_var.o
    0x20000118   0x00000004   Data   RW          980    .data               os_var.o
    0x2000011c   0x00000004   Data   RW          981    .data               os_var.o
    0x20000120   0x00000004   Data   RW          982    .data               os_var.o
    0x20000124   0x00000004   Data   RW          983    .data               os_var.o
    0x20000128   0x00000004   Data   RW          984    .data               os_var.o
    0x2000012c   0x00000004   Data   RW         1001    .data               os_cpu_c.o
    0x20000130   0x00000d10   Zero   RW            2    .bss                main.o
    0x20000e40   0x00000220   Zero   RW          257    .bss                uart2.o
    0x20001060   0x000000c8   Zero   RW          306    .bss                zigbee.o
    0x20001128   0x000000c8   Zero   RW          373    .bss                usart.o
    0x200011f0   0x00000010   Zero   RW          569    .bss                cpu_core.o
    0x20001200   0x00000448   Zero   RW          647    .bss                lib_mem.o
    0x20001648   0x00000200   Zero   RW          687    .bss                os_cfg_app.o
    0x20001848   0x00000140   Zero   RW          688    .bss                os_cfg_app.o
    0x20001988   0x00000200   Zero   RW          689    .bss                os_cfg_app.o
    0x20001b88   0x00000200   Zero   RW          690    .bss                os_cfg_app.o
    0x20001d88   0x00000640   Zero   RW          691    .bss                os_cfg_app.o
    0x200023c8   0x00000200   Zero   RW          692    .bss                os_cfg_app.o
    0x200025c8   0x00000200   Zero   RW          693    .bss                os_cfg_app.o
    0x200027c8   0x00000088   Zero   RW          694    .bss                os_cfg_app.o
    0x20002850   0x00000200   Zero   RW          695    .bss                os_cfg_app.o
    0x20002a50   0x00000088   Zero   RW          696    .bss                os_cfg_app.o
    0x20002ad8   0x000000c4   Zero   RW          921    .bss                os_var.o
    0x20002b9c   0x000000c4   Zero   RW          922    .bss                os_var.o
    0x20002c60   0x0000000c   Zero   RW          923    .bss                os_var.o
    0x20002c6c   0x00000300   Zero   RW          924    .bss                os_var.o
    0x20002f6c   0x000000c4   Zero   RW          925    .bss                os_var.o
    0x20003030   0x000000c4   Zero   RW          926    .bss                os_var.o
    0x200030f4   0x000000c4   Zero   RW          927    .bss                os_var.o
    0x200031b8   0x00000060   Zero   RW         1180    .bss                c_w.l(libspace.o)
    0x20003218   0x00000200   Zero   RW          411    HEAP                startup_stm32f10x_hd.o
    0x20003418   0x00000400   Zero   RW          410    STACK               startup_stm32f10x_hd.o


==============================================================================

Image component sizes


      Code (inc. data)   RO Data    RW Data    ZI Data      Debug   Object Name

        56          6          0          0          0        524   beep.o
       104         12          0          0          0       1761   bsp.o
        52          0          0          0          0        344   cpu_a.o
       448         12        256          4         16      13809   cpu_core.o
       276         28          0          4          0       2391   delay.o
        60          6          0          0          0        531   gas.o
       244         12          0          1          0        904   key.o
        92         10          0          0          0        543   led.o
       346          0          0          0          0       4014   lib_ascii.o
      1640         26          0          4       1096      18620   lib_mem.o
       544          0          0          0          0        492   lib_mem_a.o
      1440          4        148          0          0       8876   lib_str.o
      1108        114          0          0       3344     297920   main.o
       176         14          0          0          0       1765   misc.o
         2          0        148          0       5264      20954   os_cfg_app.o
      2780        268          0          0          0      10471   os_core.o
       152         32          0          0          0        400   os_cpu_a.o
       392         64          0          4          0       3561   os_cpu_c.o
         2          0          0          0          0        490   os_dbg.o
      1896         80          0          0          0       5681   os_flag.o
       808        146          0          0          0       2108   os_int.o
       372         20          0          0          0       2148   os_mem.o
       392         14          0          0          0       2403   os_msg.o
      1764         92          0          0          0       4376   os_mutex.o
       112          6          0          8          0       1756   os_prio.o
      1552         66          0          0          0       4874   os_q.o
      1364         58          0          0          0       4714   os_sem.o
      1024        146          0          0          0       2421   os_stat.o
      3884        216          0          0          0      10690   os_task.o
       848         82          0          0          0       3031   os_tick.o
       784         42          0          0          0       2793   os_time.o
      1628        128          0          0          0       5330   os_tmr.o
         0          0          0        174       1760      19405   os_var.o
        64         26        304          0       1536        800   startup_stm32f10x_hd.o
       612         36          0          0          0       5037   stm32f10x_gpio.o
        14          0          0          0          0        999   stm32f10x_it.o
       696         32          0         20          0       8184   stm32f10x_rcc.o
      2800         84          0          0          0      18262   stm32f10x_tim.o
       808         22          0          0          0       7364   stm32f10x_usart.o
         0          0          0          0          0         32   sys.o
       344         34          0         20          0       1815   system_stm32f10x.o
       136          4          0          0          0        792   timer.o
       792         32          0         28        544       3308   uart2.o
       584         26          0          6        200       4038   usart.o
       264         46          0          3        200       2152   zigbee.o

    ----------------------------------------------------------------------
     33464       2046        888        304      13960     512883   Object Totals
         0          0         32          0          0          0   (incl. Generated)
         8          0          0         28          0          0   (incl. Padding)

    ----------------------------------------------------------------------

      Code (inc. data)   RO Data    RW Data    ZI Data      Debug   Library Member Name

        90          0          0          0          0          0   __dczerorl2.o
         8          0          0          0          0         68   __main.o
       104          0          0          0          0         84   __printf.o
        52          8          0          0          0          0   __scatter.o
        28          0          0          0          0          0   __scatter_zi.o
         6          0          0          0          0          0   _printf_c.o
        44          0          0          0          0        108   _printf_char.o
        48          6          0          0          0         96   _printf_char_common.o
        36          4          0          0          0         80   _printf_char_file.o
         6          0          0          0          0          0   _printf_d.o
       116         16          0          0          0         92   _printf_dec.o
       178          0          0          0          0         88   _printf_intcommon.o
         0          0          0          0          0          0   _printf_percent.o
         4          0          0          0          0          0   _printf_percent_end.o
         6          0          0          0          0          0   _printf_s.o
        82          0          0          0          0         80   _printf_str.o
        10          0          0          0          0         68   _sputc.o
        12          0          0          0          0         72   exit.o
         8          0          0          0          0         68   ferror.o
         6          0          0          0          0        152   heapauxi.o
         2          0          0          0          0          0   libinit.o
         2          0          0          0          0          0   libinit2.o
         2          0          0          0          0          0   libshutdown.o
         2          0          0          0          0          0   libshutdown2.o
         8          4          0          0         96         68   libspace.o
       238          0          0          0          0        100   lludivv7m.o
        24          4          0          0          0         84   noretval__2printf.o
        40          6          0          0          0         84   noretval__2sprintf.o
         0          0          0          0          0          0   rtentry.o
        12          0          0          0          0          0   rtentry2.o
         6          0          0          0          0          0   rtentry4.o
         2          0          0          0          0          0   rtexit.o
        10          0          0          0          0          0   rtexit2.o
        62          0          0          0          0         76   strlen.o
        36          0          0          0          0         80   strstr.o
        74          0          0          0          0         80   sys_stackheap_outer.o
         2          0          0          0          0         68   use_no_semi.o
         2          0          0          0          0         68   use_no_semi_2.o
       804         16          0          0          0        272   daddsub_clz.o
        24          0          0          0          0         68   dcmpi.o
       120          4          0          0          0         92   dleqf.o
       156          4          0          0          0         92   dnaninf.o
        12          0          0          0          0         68   dretinf.o
       108          0          0          0          0         80   drleqf.o
        86          4          0          0          0         84   f2d.o
        12          4          0          0          0         68   fcheck1.o
        48          0          0          0          0         68   fflt_clz.o
       258          4          0          0          0         84   fmul.o
       140          4          0          0          0         84   fnaninf.o
        10          0          0          0          0         68   fretinf.o
       100          0          0          0          0         68   retnan.o
        76          0          0          0          0         68   scalbnf.o
        48          0          0          0          0         68   trapv.o
         0          0          0          0          0          0   usenofp.o

    ----------------------------------------------------------------------
      3380         88          0          0         96       3096   Library Totals
        10          0          0          0          0          0   (incl. Padding)

    ----------------------------------------------------------------------

      Code (inc. data)   RO Data    RW Data    ZI Data      Debug   Library Name

      1368         48          0          0         96       1764   c_w.l
      2002         40          0          0          0       1332   fz_ws.l

    ----------------------------------------------------------------------
      3380         88          0          0         96       3096   Library Totals

    ----------------------------------------------------------------------

==============================================================================


      Code (inc. data)   RO Data    RW Data    ZI Data      Debug   

     36844       2134        888        304      14056     509527   Grand Totals
     36844       2134        888         28      14056     509527   ELF Image Totals (compressed)
     36844       2134        888         28          0          0   ROM Totals

==============================================================================

    Total RO  Size (Code + RO Data)                37732 (  36.85kB)
    Total RW  Size (RW Data + ZI Data)             14360 (  14.02kB)
    Total ROM Size (Code + RO Data + RW Data)      37760 (  36.88kB)

==============================================================================

